
Memory Configuration

Name             Origin             Length             Attributes
flash            0x08000000         0x00020000         rw
sram             0x20000000         0x00005000         xrw
*default*        0x00000000         0xffffffff

Linker script and memory map


.text           0x08000000      0x108
 *(.vectors*)
 .vectors       0x08000000        0xc startup.o
                0x08000000                vector_table
 *(.text*)
 .text          0x0800000c       0x88 startup.o
                0x0800000c                _vector_handler
                0x0800000c                _reset_handler
 .text          0x08000094       0x74 main.o
                0x08000094                main
                0x08000108                E_TEXT = .

.glue_7         0x08000108        0x0
 .glue_7        0x08000108        0x0 linker stubs

.glue_7t        0x08000108        0x0
 .glue_7t       0x08000108        0x0 linker stubs

.vfp11_veneer   0x08000108        0x0
 .vfp11_veneer  0x08000108        0x0 linker stubs

.v4_bx          0x08000108        0x0
 .v4_bx         0x08000108        0x0 linker stubs

.iplt           0x08000108        0x0
 .iplt          0x08000108        0x0 startup.o

.rel.dyn        0x08000108        0x0
 .rel.iplt      0x08000108        0x0 startup.o

.data           0x20000000        0x0 load address 0x08000108
                0x20000000                S_DATA = .
 *(.data*)
 .data          0x20000000        0x0 startup.o
 .data          0x20000000        0x0 main.o
                0x20000000                E_DATA = .

.igot.plt       0x20000000        0x0 load address 0x08000108
 .igot.plt      0x20000000        0x0 startup.o
                0x20000000                . = 0x20000000

.bss            0x20000000        0x0
                0x20000000                S_BSS = .
 *(.bss*)
 .bss           0x20000000        0x0 startup.o
 .bss           0x20000000        0x0 main.o
                0x20000000                E_BSS = .
                0x20001000                . = (. + 0x1000)
                0x20001000                _stack_pointer = .
LOAD startup.o
LOAD main.o
OUTPUT(app.elf elf32-littlearm)
LOAD linker stubs

.debug_info     0x00000000      0x1e4
 .debug_info    0x00000000      0x152 startup.o
 .debug_info    0x00000152       0x92 main.o

.debug_abbrev   0x00000000      0x150
 .debug_abbrev  0x00000000       0xd1 startup.o
 .debug_abbrev  0x000000d1       0x7f main.o

.debug_loc      0x00000000       0x88
 .debug_loc     0x00000000       0x50 startup.o
 .debug_loc     0x00000050       0x38 main.o

.debug_aranges  0x00000000       0x40
 .debug_aranges
                0x00000000       0x20 startup.o
 .debug_aranges
                0x00000020       0x20 main.o

.debug_line     0x00000000      0x12b
 .debug_line    0x00000000       0xb9 startup.o
 .debug_line    0x000000b9       0x72 main.o

.debug_str      0x00000000      0x149
 .debug_str     0x00000000      0x133 startup.o
                                0x13c (size before relaxing)
 .debug_str     0x00000133       0x16 main.o
                                 0xc6 (size before relaxing)

.comment        0x00000000       0x49
 .comment       0x00000000       0x49 startup.o
                                 0x4a (size before relaxing)
 .comment       0x00000049       0x4a main.o

.ARM.attributes
                0x00000000       0x2d
 .ARM.attributes
                0x00000000       0x2d startup.o
 .ARM.attributes
                0x0000002d       0x2d main.o

.debug_frame    0x00000000       0x60
 .debug_frame   0x00000000       0x34 startup.o
 .debug_frame   0x00000034       0x2c main.o
