core_cm3.h:1640:22:__NVIC_SetPriority	16	static
core_cm3.h:1839:26:SysTick_Config	16	static
CortexMX_OS_Porting.c:13:6:HardFault_Handler	4	static
CortexMX_OS_Porting.c:17:6:MemManage_Handler	4	static
CortexMX_OS_Porting.c:21:6:BusFault_Handler	4	static
CortexMX_OS_Porting.c:25:6:UsageFault_Handler	4	static
CortexMX_OS_Porting.c:30:28:SVC_Handler	0	static,ignoring_inline_asm
CortexMX_OS_Porting.c:40:6:HW_init	8	static
CortexMX_OS_Porting.c:58:6:Trigger_OS_PendSV	4	static
CortexMX_OS_Porting.c:64:6:Start_Ticker	8	static
CortexMX_OS_Porting.c:74:6:SysTick_Handler	8	static
