Archive member included to satisfy reference by file (symbol)

c:/st/stm32cubeide_1.4.0/stm32cubeide/plugins/com.st.stm32cube.ide.mcu.externaltools.gnu-tools-for-stm32.7-2018-q2-update.win32_1.4.0.202007081208/tools/bin/../lib/gcc/arm-none-eabi/7.3.1/../../../../arm-none-eabi/lib/thumb/v7-m\libc_nano.a(lib_a-errno.o)
                              Src/syscalls.o (__errno)
c:/st/stm32cubeide_1.4.0/stm32cubeide/plugins/com.st.stm32cube.ide.mcu.externaltools.gnu-tools-for-stm32.7-2018-q2-update.win32_1.4.0.202007081208/tools/bin/../lib/gcc/arm-none-eabi/7.3.1/../../../../arm-none-eabi/lib/thumb/v7-m\libc_nano.a(lib_a-exit.o)
                              c:/st/stm32cubeide_1.4.0/stm32cubeide/plugins/com.st.stm32cube.ide.mcu.externaltools.gnu-tools-for-stm32.7-2018-q2-update.win32_1.4.0.202007081208/tools/bin/../lib/gcc/arm-none-eabi/7.3.1/../../../../arm-none-eabi/lib/thumb/v7-m/crt0.o (exit)
c:/st/stm32cubeide_1.4.0/stm32cubeide/plugins/com.st.stm32cube.ide.mcu.externaltools.gnu-tools-for-stm32.7-2018-q2-update.win32_1.4.0.202007081208/tools/bin/../lib/gcc/arm-none-eabi/7.3.1/../../../../arm-none-eabi/lib/thumb/v7-m\libc_nano.a(lib_a-impure.o)
                              c:/st/stm32cubeide_1.4.0/stm32cubeide/plugins/com.st.stm32cube.ide.mcu.externaltools.gnu-tools-for-stm32.7-2018-q2-update.win32_1.4.0.202007081208/tools/bin/../lib/gcc/arm-none-eabi/7.3.1/../../../../arm-none-eabi/lib/thumb/v7-m\libc_nano.a(lib_a-exit.o) (_global_impure_ptr)
c:/st/stm32cubeide_1.4.0/stm32cubeide/plugins/com.st.stm32cube.ide.mcu.externaltools.gnu-tools-for-stm32.7-2018-q2-update.win32_1.4.0.202007081208/tools/bin/../lib/gcc/arm-none-eabi/7.3.1/../../../../arm-none-eabi/lib/thumb/v7-m\libc_nano.a(lib_a-init.o)
                              c:/st/stm32cubeide_1.4.0/stm32cubeide/plugins/com.st.stm32cube.ide.mcu.externaltools.gnu-tools-for-stm32.7-2018-q2-update.win32_1.4.0.202007081208/tools/bin/../lib/gcc/arm-none-eabi/7.3.1/../../../../arm-none-eabi/lib/thumb/v7-m/crt0.o (__libc_init_array)
c:/st/stm32cubeide_1.4.0/stm32cubeide/plugins/com.st.stm32cube.ide.mcu.externaltools.gnu-tools-for-stm32.7-2018-q2-update.win32_1.4.0.202007081208/tools/bin/../lib/gcc/arm-none-eabi/7.3.1/../../../../arm-none-eabi/lib/thumb/v7-m\libc_nano.a(lib_a-memset.o)
                              c:/st/stm32cubeide_1.4.0/stm32cubeide/plugins/com.st.stm32cube.ide.mcu.externaltools.gnu-tools-for-stm32.7-2018-q2-update.win32_1.4.0.202007081208/tools/bin/../lib/gcc/arm-none-eabi/7.3.1/../../../../arm-none-eabi/lib/thumb/v7-m/crt0.o (memset)
c:/st/stm32cubeide_1.4.0/stm32cubeide/plugins/com.st.stm32cube.ide.mcu.externaltools.gnu-tools-for-stm32.7-2018-q2-update.win32_1.4.0.202007081208/tools/bin/../lib/gcc/arm-none-eabi/7.3.1/../../../../arm-none-eabi/lib/thumb/v7-m\libc_nano.a(lib_a-strcmp.o)
                              MY_RTOS/Scheduler.o (strcmp)

Allocating common symbols
Common symbol       size              file

Global_SPI_Config2  0x18              Stm32F103C6_Drives/Stm32_F103C6_SPI_Driver.o
Task4               0x44              Src/main.o
Ready_Queue         0x14              MY_RTOS/Scheduler.o
SysTickLED          0x1               MY_RTOS/CortexMX_OS_Porting.o
OS_Control          0x1ac             MY_RTOS/Scheduler.o
Task1               0x44              Src/main.o
Task4LED            0x1               Src/main.o
MYRTOS_idleTask     0x44              MY_RTOS/Scheduler.o
Task2LED            0x1               Src/main.o
Task3               0x44              Src/main.o
Task1LED            0x1               Src/main.o
PinCfg              0x4               HAL/lcd.o
Global_SPI_Config1  0x18              Stm32F103C6_Drives/Stm32_F103C6_SPI_Driver.o
IdleTaskLED         0x1               MY_RTOS/Scheduler.o
Task2               0x44              Src/main.o
GP_IRQ_CallBack     0x3c              Src/main.o
Ready_Queue_FIFO    0x190             MY_RTOS/Scheduler.o
Task3LED            0x1               Src/main.o

Discarded input sections

 .text          0x0000000000000000        0x0 c:/st/stm32cubeide_1.4.0/stm32cubeide/plugins/com.st.stm32cube.ide.mcu.externaltools.gnu-tools-for-stm32.7-2018-q2-update.win32_1.4.0.202007081208/tools/bin/../lib/gcc/arm-none-eabi/7.3.1/thumb/v7-m/crti.o
 .data          0x0000000000000000        0x0 c:/st/stm32cubeide_1.4.0/stm32cubeide/plugins/com.st.stm32cube.ide.mcu.externaltools.gnu-tools-for-stm32.7-2018-q2-update.win32_1.4.0.202007081208/tools/bin/../lib/gcc/arm-none-eabi/7.3.1/thumb/v7-m/crti.o
 .bss           0x0000000000000000        0x0 c:/st/stm32cubeide_1.4.0/stm32cubeide/plugins/com.st.stm32cube.ide.mcu.externaltools.gnu-tools-for-stm32.7-2018-q2-update.win32_1.4.0.202007081208/tools/bin/../lib/gcc/arm-none-eabi/7.3.1/thumb/v7-m/crti.o
 .data          0x0000000000000000        0x4 c:/st/stm32cubeide_1.4.0/stm32cubeide/plugins/com.st.stm32cube.ide.mcu.externaltools.gnu-tools-for-stm32.7-2018-q2-update.win32_1.4.0.202007081208/tools/bin/../lib/gcc/arm-none-eabi/7.3.1/thumb/v7-m/crtbegin.o
[...]
Memory Configuration

Name             Origin             Length             Attributes
RAM              0x0000000020000000 0x0000000000002800 xrw
ROM              0x0000000008000000 0x0000000000008000 xr
*default*        0x0000000000000000 0xffffffffffffffff

Linker script and memory map

LOAD c:/st/stm32cubeide_1.4.0/stm32cubeide/plugins/com.st.stm32cube.ide.mcu.externaltools.gnu-tools-for-stm32.7-2018-q2-update.win32_1.4.0.202007081208/tools/bin/../lib/gcc/arm-none-eabi/7.3.1/thumb/v7-m/crti.o
LOAD c:/st/stm32cubeide_1.4.0/stm32cubeide/plugins/com.st.stm32cube.ide.mcu.externaltools.gnu-tools-for-stm32.7-2018-q2-update.win32_1.4.0.202007081208/tools/bin/../lib/gcc/arm-none-eabi/7.3.1/thumb/v7-m/crtbegin.o
LOAD c:/st/stm32cubeide_1.4.0/stm32cubeide/plugins/com.st.stm32cube.ide.mcu.externaltools.gnu-tools-for-stm32.7-2018-q2-update.win32_1.4.0.202007081208/tools/bin/../lib/gcc/arm-none-eabi/7.3.1/../../../../arm-none-eabi/lib/thumb/v7-m/crt0.o
LOAD HAL/keypad.o
LOAD HAL/lcd.o
LOAD MY_RTOS/CortexMX_OS_Porting.o
LOAD MY_RTOS/MYRTOS_FIFO.o
LOAD MY_RTOS/Scheduler.o
LOAD Src/main.o
LOAD Src/syscalls.o
LOAD Src/sysmem.o
LOAD Startup/startup_stm32f103c6tx.o
LOAD Stm32F103C6_Drives/Stm32_F103C6_EXTI_Driver.o
LOAD Stm32F103C6_Drives/Stm32_F103C6_GPIO_Driver.o
LOAD Stm32F103C6_Drives/Stm32_F103C6_RCC_Driver.o
LOAD Stm32F103C6_Drives/Stm32_F103C6_SPI_Driver.o
LOAD Stm32F103C6_Drives/Stm32_F103C6_USART_Driver.o
START GROUP
LOAD c:/st/stm32cubeide_1.4.0/stm32cubeide/plugins/com.st.stm32cube.ide.mcu.externaltools.gnu-tools-for-stm32.7-2018-q2-update.win32_1.4.0.202007081208/tools/bin/../lib/gcc/arm-none-eabi/7.3.1/../../../../arm-none-eabi/lib/thumb/v7-m\libc_nano.a
LOAD c:/st/stm32cubeide_1.4.0/stm32cubeide/plugins/com.st.stm32cube.ide.mcu.externaltools.gnu-tools-for-stm32.7-2018-q2-update.win32_1.4.0.202007081208/tools/bin/../lib/gcc/arm-none-eabi/7.3.1/../../../../arm-none-eabi/lib/thumb/v7-m\libm.a
END GROUP
START GROUP
LOAD c:/st/stm32cubeide_1.4.0/stm32cubeide/plugins/com.st.stm32cube.ide.mcu.externaltools.gnu-tools-for-stm32.7-2018-q2-update.win32_1.4.0.202007081208/tools/bin/../lib/gcc/arm-none-eabi/7.3.1/thumb/v7-m\libgcc.a
LOAD c:/st/stm32cubeide_1.4.0/stm32cubeide/plugins/com.st.stm32cube.ide.mcu.externaltools.gnu-tools-for-stm32.7-2018-q2-update.win32_1.4.0.202007081208/tools/bin/../lib/gcc/arm-none-eabi/7.3.1/../../../../arm-none-eabi/lib/thumb/v7-m\libg_nano.a
LOAD c:/st/stm32cubeide_1.4.0/stm32cubeide/plugins/com.st.stm32cube.ide.mcu.externaltools.gnu-tools-for-stm32.7-2018-q2-update.win32_1.4.0.202007081208/tools/bin/../lib/gcc/arm-none-eabi/7.3.1/../../../../arm-none-eabi/lib/thumb/v7-m\libc_nano.a
END GROUP
START GROUP
LOAD c:/st/stm32cubeide_1.4.0/stm32cubeide/plugins/com.st.stm32cube.ide.mcu.externaltools.gnu-tools-for-stm32.7-2018-q2-update.win32_1.4.0.202007081208/tools/bin/../lib/gcc/arm-none-eabi/7.3.1/thumb/v7-m\libgcc.a
LOAD c:/st/stm32cubeide_1.4.0/stm32cubeide/plugins/com.st.stm32cube.ide.mcu.externaltools.gnu-tools-for-stm32.7-2018-q2-update.win32_1.4.0.202007081208/tools/bin/../lib/gcc/arm-none-eabi/7.3.1/../../../../arm-none-eabi/lib/thumb/v7-m\libc_nano.a
LOAD c:/st/stm32cubeide_1.4.0/stm32cubeide/plugins/com.st.stm32cube.ide.mcu.externaltools.gnu-tools-for-stm32.7-2018-q2-update.win32_1.4.0.202007081208/tools/bin/../lib/gcc/arm-none-eabi/7.3.1/../../../../arm-none-eabi/lib/thumb/v7-m\libnosys.a
END GROUP
START GROUP
LOAD c:/st/stm32cubeide_1.4.0/stm32cubeide/plugins/com.st.stm32cube.ide.mcu.externaltools.gnu-tools-for-stm32.7-2018-q2-update.win32_1.4.0.202007081208/tools/bin/../lib/gcc/arm-none-eabi/7.3.1/thumb/v7-m\libgcc.a
LOAD c:/st/stm32cubeide_1.4.0/stm32cubeide/plugins/com.st.stm32cube.ide.mcu.externaltools.gnu-tools-for-stm32.7-2018-q2-update.win32_1.4.0.202007081208/tools/bin/../lib/gcc/arm-none-eabi/7.3.1/../../../../arm-none-eabi/lib/thumb/v7-m\libc_nano.a
LOAD c:/st/stm32cubeide_1.4.0/stm32cubeide/plugins/com.st.stm32cube.ide.mcu.externaltools.gnu-tools-for-stm32.7-2018-q2-update.win32_1.4.0.202007081208/tools/bin/../lib/gcc/arm-none-eabi/7.3.1/../../../../arm-none-eabi/lib/thumb/v7-m\libnosys.a
END GROUP
LOAD c:/st/stm32cubeide_1.4.0/stm32cubeide/plugins/com.st.stm32cube.ide.mcu.externaltools.gnu-tools-for-stm32.7-2018-q2-update.win32_1.4.0.202007081208/tools/bin/../lib/gcc/arm-none-eabi/7.3.1/thumb/v7-m/crtend.o
LOAD c:/st/stm32cubeide_1.4.0/stm32cubeide/plugins/com.st.stm32cube.ide.mcu.externaltools.gnu-tools-for-stm32.7-2018-q2-update.win32_1.4.0.202007081208/tools/bin/../lib/gcc/arm-none-eabi/7.3.1/thumb/v7-m/crtn.o
                0x0000000020002800                _estack = (ORIGIN (RAM) + LENGTH (RAM))
                0x0000000000000200                _Min_Heap_Size = 0x200
                0x0000000000000400                _Min_Stack_Size = 0x400

.isr_vector     0x0000000008000000      0x130
                0x0000000008000000                . = ALIGN (0x4)
 *(.isr_vector)
 .isr_vector    0x0000000008000000      0x130 Startup/startup_stm32f103c6tx.o
                0x0000000008000000                g_pfnVectors
                0x0000000008000130                . = ALIGN (0x4)

.text           0x0000000008000130     0x1008
                0x0000000008000130                . = ALIGN (0x4)
 *(.text)
 .text          0x0000000008000130       0x40 c:/st/stm32cubeide_1.4.0/stm32cubeide/plugins/com.st.stm32cube.ide.mcu.externaltools.gnu-tools-for-stm32.7-2018-q2-update.win32_1.4.0.202007081208/tools/bin/../lib/gcc/arm-none-eabi/7.3.1/thumb/v7-m/crtbegin.o
 .text          0x0000000008000170       0x14 c:/st/stm32cubeide_1.4.0/stm32cubeide/plugins/com.st.stm32cube.ide.mcu.externaltools.gnu-tools-for-stm32.7-2018-q2-update.win32_1.4.0.202007081208/tools/bin/../lib/gcc/arm-none-eabi/7.3.1/../../../../arm-none-eabi/lib/thumb/v7-m\libc_nano.a(lib_a-strcmp.o)
                0x0000000008000170                strcmp
 *(.text*)
 .text.__NVIC_SetPriority
                0x0000000008000184       0x54 MY_RTOS/CortexMX_OS_Porting.o
 .text.SysTick_Config
                0x00000000080001d8       0x44 MY_RTOS/CortexMX_OS_Porting.o
 .text.HardFault_Handler
                0x000000000800021c        0x6 MY_RTOS/CortexMX_OS_Porting.o
                0x000000000800021c                HardFault_Handler
 .text.MemManage_Handler
                0x0000000008000222        0x6 MY_RTOS/CortexMX_OS_Porting.o
                0x0000000008000222                MemManage_Handler
 .text.BusFault_Handler
                0x0000000008000228        0x6 MY_RTOS/CortexMX_OS_Porting.o
                0x0000000008000228                BusFault_Handler
 .text.UsageFault_Handler
                0x000000000800022e        0x6 MY_RTOS/CortexMX_OS_Porting.o
                0x000000000800022e                UsageFault_Handler
 .text.SVC_Handler
                0x0000000008000234       0x14 MY_RTOS/CortexMX_OS_Porting.o
                0x0000000008000234                SVC_Handler
 .text.HW_init  0x0000000008000248       0x12 MY_RTOS/CortexMX_OS_Porting.o
                0x0000000008000248                HW_init
 *fill*         0x000000000800025a        0x2 
 .text.Trigger_OS_PendSV
                0x000000000800025c       0x1c MY_RTOS/CortexMX_OS_Porting.o
                0x000000000800025c                Trigger_OS_PendSV
 .text.Start_Ticker
                0x0000000008000278       0x10 MY_RTOS/CortexMX_OS_Porting.o
                0x0000000008000278                Start_Ticker
 .text.SysTick_Handler
                0x0000000008000288       0x28 MY_RTOS/CortexMX_OS_Porting.o
                0x0000000008000288                SysTick_Handler
 .text.FIFO_init
                0x00000000080002b0       0x44 MY_RTOS/MYRTOS_FIFO.o
                0x00000000080002b0                FIFO_init
 .text.FIFO_enqueue
                0x00000000080002f4       0x84 MY_RTOS/MYRTOS_FIFO.o
                0x00000000080002f4                FIFO_enqueue
 .text.FIFO_dequeue
                0x0000000008000378       0x7a MY_RTOS/MYRTOS_FIFO.o
                0x0000000008000378                FIFO_dequeue
 *fill*         0x00000000080003f2        0x2 
 .text.PendSV_Handler
                0x00000000080003f4      0x1b8 MY_RTOS/Scheduler.o
                0x00000000080003f4                PendSV_Handler
 .text.MYRTOS_Idle_Task
                0x00000000080005ac       0x1c MY_RTOS/Scheduler.o
                0x00000000080005ac                MYRTOS_Idle_Task
 .text.MYRTOS_Create_MainStack
                0x00000000080005c8       0x3c MY_RTOS/Scheduler.o
                0x00000000080005c8                MYRTOS_Create_MainStack
 .text.MYRTOS_init
                0x0000000008000604       0x80 MY_RTOS/Scheduler.o
                0x0000000008000604                MYRTOS_init
 .text.MyRTOS_Create_Task_Stack
                0x0000000008000684       0x7c MY_RTOS/Scheduler.o
                0x0000000008000684                MyRTOS_Create_Task_Stack
 .text.MYRTOS_CreateTask
                0x0000000008000700       0x7c MY_RTOS/Scheduler.o
                0x0000000008000700                MYRTOS_CreateTask
 .text.bubblesort
                0x000000000800077c       0x90 MY_RTOS/Scheduler.o
                0x000000000800077c                bubblesort
 .text.MYRTOS_Update_Scheduler_Table
                0x000000000800080c       0xd0 MY_RTOS/Scheduler.o
                0x000000000800080c                MYRTOS_Update_Scheduler_Table
 .text.Decide_whatNext
                0x00000000080008dc       0xa4 MY_RTOS/Scheduler.o
                0x00000000080008dc                Decide_whatNext
 .text.OS_SVC   0x0000000008000980       0x6c MY_RTOS/Scheduler.o
                0x0000000008000980                OS_SVC
 .text.MYRTOS_OS_SVC_Set
                0x00000000080009ec       0x30 MY_RTOS/Scheduler.o
                0x00000000080009ec                MYRTOS_OS_SVC_Set
 .text.MYRTOS_ActivateTask
                0x0000000008000a1c       0x1e MY_RTOS/Scheduler.o
                0x0000000008000a1c                MYRTOS_ActivateTask
 .text.MYRTOS_TaskWait
                0x0000000008000a3a       0x2e MY_RTOS/Scheduler.o
                0x0000000008000a3a                MYRTOS_TaskWait
 .text.MYRTOS_StartOS
                0x0000000008000a68       0x5c MY_RTOS/Scheduler.o
                0x0000000008000a68                MYRTOS_StartOS
 .text.MYRTOS_Update_TaskWaitingTime
                0x0000000008000ac4       0x88 MY_RTOS/Scheduler.o
                0x0000000008000ac4                MYRTOS_Update_TaskWaitingTime
 .text.task1    0x0000000008000b4c       0x4c Src/main.o
                0x0000000008000b4c                task1
 .text.task2    0x0000000008000b98       0x28 Src/main.o
                0x0000000008000b98                task2
 .text.task3    0x0000000008000bc0       0x28 Src/main.o
                0x0000000008000bc0                task3
 .text.task4    0x0000000008000be8       0x34 Src/main.o
                0x0000000008000be8                task4
 .text.main     0x0000000008000c1c      0x154 Src/main.o
                0x0000000008000c1c                main
 .text.Reset_Handler
                0x0000000008000d70       0x50 Startup/startup_stm32f103c6tx.o
                0x0000000008000d70                Reset_Handler
 .text.Default_Handler
                0x0000000008000dc0        0x2 Startup/startup_stm32f103c6tx.o
                0x0000000008000dc0                TIM8_TRG_COM_IRQHandler
                0x0000000008000dc0                TIM8_CC_IRQHandler
                0x0000000008000dc0                DebugMon_Handler
                0x0000000008000dc0                TIM1_CC_IRQHandler
                0x0000000008000dc0                TIM6_IRQHandler
                0x0000000008000dc0                PVD_IRQHandler
                0x0000000008000dc0                SDIO_IRQHandler
                0x0000000008000dc0                NMI_Handler
                0x0000000008000dc0                USB_HP_CAN_TX_IRQHandler
                0x0000000008000dc0                I2C2_EV_IRQHandler
                0x0000000008000dc0                ADC1_2_IRQHandler
                0x0000000008000dc0                CAN_SCE_IRQHandler
                0x0000000008000dc0                TAMPER_IRQHandler
                0x0000000008000dc0                TIM8_UP_IRQHandler
                0x0000000008000dc0                DMA2_Channel2_IRQHandler
                0x0000000008000dc0                DMA1_Channel4_IRQHandler
                0x0000000008000dc0                RTC_IRQHandler
                0x0000000008000dc0                DMA1_Channel7_IRQHandler
                0x0000000008000dc0                UART5_IRQHandler
                0x0000000008000dc0                ADC3_IRQHandler
                0x0000000008000dc0                TIM4_IRQHandler
                0x0000000008000dc0                CAN_RX1_IRQHandler
                0x0000000008000dc0                DMA2_Channel1_IRQHandler
                0x0000000008000dc0                I2C1_EV_IRQHandler
                0x0000000008000dc0                DMA1_Channel6_IRQHandler
                0x0000000008000dc0                UART4_IRQHandler
                0x0000000008000dc0                TIM3_IRQHandler
                0x0000000008000dc0                RCC_IRQHandler
                0x0000000008000dc0                TIM1_TRG_COM_IRQHandler
                0x0000000008000dc0                DMA1_Channel1_IRQHandler
                0x0000000008000dc0                Default_Handler
                0x0000000008000dc0                TIM7_IRQHandler
                0x0000000008000dc0                TIM5_IRQHandler
                0x0000000008000dc0                USB_LP_CAN_RX0_IRQHandler
                0x0000000008000dc0                DMA1_Channel5_IRQHandler
                0x0000000008000dc0                DMA1_Channel3_IRQHandler
                0x0000000008000dc0                FSMC_IRQHandler
                0x0000000008000dc0                TIM1_UP_IRQHandler
                0x0000000008000dc0                WWDG_IRQHandler
                0x0000000008000dc0                TIM2_IRQHandler
                0x0000000008000dc0                TIM1_BRK_IRQHandler
                0x0000000008000dc0                RTCAlarm_IRQHandler
                0x0000000008000dc0                DMA2_Channel4_5_IRQHandler
                0x0000000008000dc0                I2C2_ER_IRQHandler
                0x0000000008000dc0                DMA1_Channel2_IRQHandler
                0x0000000008000dc0                TIM8_BRK_IRQHandler
                0x0000000008000dc0                FLASH_IRQHandler
                0x0000000008000dc0                SPI3_IRQHandler
                0x0000000008000dc0                I2C1_ER_IRQHandler
                0x0000000008000dc0                DMA2_Channel3_IRQHandler
 *fill*         0x0000000008000dc2        0x2 
 .text.EXTI0_IRQHandler
                0x0000000008000dc4       0x24 Stm32F103C6_Drives/Stm32_F103C6_EXTI_Driver.o
                0x0000000008000dc4                EXTI0_IRQHandler
 .text.EXTI1_IRQHandler
                0x0000000008000de8       0x24 Stm32F103C6_Drives/Stm32_F103C6_EXTI_Driver.o
                0x0000000008000de8                EXTI1_IRQHandler
 .text.EXTI2_IRQHandler
                0x0000000008000e0c       0x24 Stm32F103C6_Drives/Stm32_F103C6_EXTI_Driver.o
                0x0000000008000e0c                EXTI2_IRQHandler
 .text.EXTI3_IRQHandler
                0x0000000008000e30       0x24 Stm32F103C6_Drives/Stm32_F103C6_EXTI_Driver.o
                0x0000000008000e30                EXTI3_IRQHandler
 .text.EXTI4_IRQHandler
                0x0000000008000e54       0x24 Stm32F103C6_Drives/Stm32_F103C6_EXTI_Driver.o
                0x0000000008000e54                EXTI4_IRQHandler
 .text.EXTI9_5_IRQHandler
                0x0000000008000e78       0xa8 Stm32F103C6_Drives/Stm32_F103C6_EXTI_Driver.o
                0x0000000008000e78                EXTI9_5_IRQHandler
 .text.EXTI15_10_IRQHandler
                0x0000000008000f20       0xc4 Stm32F103C6_Drives/Stm32_F103C6_EXTI_Driver.o
                0x0000000008000f20                EXTI15_10_IRQHandler
 .text.SPI1_IRQHandler
                0x0000000008000fe4       0x5c Stm32F103C6_Drives/Stm32_F103C6_SPI_Driver.o
                0x0000000008000fe4                SPI1_IRQHandler
 .text.SPI2_IRQHandler
                0x0000000008001040       0x5c Stm32F103C6_Drives/Stm32_F103C6_SPI_Driver.o
                0x0000000008001040                SPI2_IRQHandler
 .text.USART1_IRQHandler
                0x000000000800109c       0x14 Stm32F103C6_Drives/Stm32_F103C6_USART_Driver.o
                0x000000000800109c                USART1_IRQHandler
 .text.USART2_IRQHandler
                0x00000000080010b0       0x14 Stm32F103C6_Drives/Stm32_F103C6_USART_Driver.o
                0x00000000080010b0                USART2_IRQHandler
 .text.USART3_IRQHandler
                0x00000000080010c4       0x14 Stm32F103C6_Drives/Stm32_F103C6_USART_Driver.o
                0x00000000080010c4                USART3_IRQHandler
 .text.__libc_init_array
                0x00000000080010d8       0x48 c:/st/stm32cubeide_1.4.0/stm32cubeide/plugins/com.st.stm32cube.ide.mcu.externaltools.gnu-tools-for-stm32.7-2018-q2-update.win32_1.4.0.202007081208/tools/bin/../lib/gcc/arm-none-eabi/7.3.1/../../../../arm-none-eabi/lib/thumb/v7-m\libc_nano.a(lib_a-init.o)
                0x00000000080010d8                __libc_init_array
 *(.glue_7)
 .glue_7        0x0000000008001120        0x0 linker stubs
 *(.glue_7t)
 .glue_7t       0x0000000008001120        0x0 linker stubs
 *(.eh_frame)
 .eh_frame      0x0000000008001120        0x0 c:/st/stm32cubeide_1.4.0/stm32cubeide/plugins/com.st.stm32cube.ide.mcu.externaltools.gnu-tools-for-stm32.7-2018-q2-update.win32_1.4.0.202007081208/tools/bin/../lib/gcc/arm-none-eabi/7.3.1/thumb/v7-m/crtbegin.o
 *(.init)
 .init          0x0000000008001120        0x4 c:/st/stm32cubeide_1.4.0/stm32cubeide/plugins/com.st.stm32cube.ide.mcu.externaltools.gnu-tools-for-stm32.7-2018-q2-update.win32_1.4.0.202007081208/tools/bin/../lib/gcc/arm-none-eabi/7.3.1/thumb/v7-m/crti.o
                0x0000000008001120                _init
 .init          0x0000000008001124        0x8 c:/st/stm32cubeide_1.4.0/stm32cubeide/plugins/com.st.stm32cube.ide.mcu.externaltools.gnu-tools-for-stm32.7-2018-q2-update.win32_1.4.0.202007081208/tools/bin/../lib/gcc/arm-none-eabi/7.3.1/thumb/v7-m/crtn.o
 *(.fini)
 .fini          0x000000000800112c        0x4 c:/st/stm32cubeide_1.4.0/stm32cubeide/plugins/com.st.stm32cube.ide.mcu.externaltools.gnu-tools-for-stm32.7-2018-q2-update.win32_1.4.0.202007081208/tools/bin/../lib/gcc/arm-none-eabi/7.3.1/thumb/v7-m/crti.o
                0x000000000800112c                _fini
 .fini          0x0000000008001130        0x8 c:/st/stm32cubeide_1.4.0/stm32cubeide/plugins/com.st.stm32cube.ide.mcu.externaltools.gnu-tools-for-stm32.7-2018-q2-update.win32_1.4.0.202007081208/tools/bin/../lib/gcc/arm-none-eabi/7.3.1/thumb/v7-m/crtn.o
                0x0000000008001138                . = ALIGN (0x4)
                0x0000000008001138                _etext = .

.vfp11_veneer   0x0000000008001138        0x0
 .vfp11_veneer  0x0000000008001138        0x0 linker stubs

.v4_bx          0x0000000008001138        0x0
 .v4_bx         0x0000000008001138        0x0 linker stubs

.iplt           0x0000000008001138        0x0
 .iplt          0x0000000008001138        0x0 c:/st/stm32cubeide_1.4.0/stm32cubeide/plugins/com.st.stm32cube.ide.mcu.externaltools.gnu-tools-for-stm32.7-2018-q2-update.win32_1.4.0.202007081208/tools/bin/../lib/gcc/arm-none-eabi/7.3.1/thumb/v7-m/crtbegin.o

.rodata         0x0000000008001138       0x2c
                0x0000000008001138                . = ALIGN (0x4)
 *(.rodata)
 .rodata        0x0000000008001138        0x9 MY_RTOS/Scheduler.o
 *fill*         0x0000000008001141        0x3 
 .rodata        0x0000000008001144       0x1f Src/main.o
 *(.rodata*)
                0x0000000008001164                . = ALIGN (0x4)
 *fill*         0x0000000008001163        0x1 

.rel.dyn        0x0000000008001164        0x0
 .rel.iplt      0x0000000008001164        0x0 c:/st/stm32cubeide_1.4.0/stm32cubeide/plugins/com.st.stm32cube.ide.mcu.externaltools.gnu-tools-for-stm32.7-2018-q2-update.win32_1.4.0.202007081208/tools/bin/../lib/gcc/arm-none-eabi/7.3.1/thumb/v7-m/crtbegin.o

.ARM.extab      0x0000000008001164        0x0
                0x0000000008001164                . = ALIGN (0x4)
 *(.ARM.extab* .gnu.linkonce.armextab.*)
                0x0000000008001164                . = ALIGN (0x4)

.ARM            0x0000000008001164        0x0
                0x0000000008001164                . = ALIGN (0x4)
                0x0000000008001164                __exidx_start = .
 *(.ARM.exidx*)
                0x0000000008001164                __exidx_end = .
                0x0000000008001164                . = ALIGN (0x4)

.preinit_array  0x0000000008001164        0x0
                0x0000000008001164                . = ALIGN (0x4)
                0x0000000008001164                PROVIDE (__preinit_array_start = .)
 *(.preinit_array*)
                0x0000000008001164                PROVIDE (__preinit_array_end = .)
                0x0000000008001164                . = ALIGN (0x4)

.init_array     0x0000000008001164        0x4
                0x0000000008001164                . = ALIGN (0x4)
                0x0000000008001164                PROVIDE (__init_array_start = .)
 *(SORT_BY_NAME(.init_array.*))
 *(.init_array*)
 .init_array    0x0000000008001164        0x4 c:/st/stm32cubeide_1.4.0/stm32cubeide/plugins/com.st.stm32cube.ide.mcu.externaltools.gnu-tools-for-stm32.7-2018-q2-update.win32_1.4.0.202007081208/tools/bin/../lib/gcc/arm-none-eabi/7.3.1/thumb/v7-m/crtbegin.o
                0x0000000008001168                PROVIDE (__init_array_end = .)
                0x0000000008001168                . = ALIGN (0x4)

.fini_array     0x0000000008001168        0x4
                0x0000000008001168                . = ALIGN (0x4)
                [!provide]                        PROVIDE (__fini_array_start = .)
 *(SORT_BY_NAME(.fini_array.*))
 *(.fini_array*)
 .fini_array    0x0000000008001168        0x4 c:/st/stm32cubeide_1.4.0/stm32cubeide/plugins/com.st.stm32cube.ide.mcu.externaltools.gnu-tools-for-stm32.7-2018-q2-update.win32_1.4.0.202007081208/tools/bin/../lib/gcc/arm-none-eabi/7.3.1/thumb/v7-m/crtbegin.o
                [!provide]                        PROVIDE (__fini_array_end = .)
                0x000000000800116c                . = ALIGN (0x4)
                0x000000000800116c                _sidata = LOADADDR (.data)

.data           0x0000000020000000        0x0 load address 0x000000000800116c
                0x0000000020000000                . = ALIGN (0x4)
                0x0000000020000000                _sdata = .
 *(.data)
 *(.data*)
                0x0000000020000000                . = ALIGN (0x4)
                0x0000000020000000                _edata = .

.igot.plt       0x0000000020000000        0x0 load address 0x000000000800116c
 .igot.plt      0x0000000020000000        0x0 c:/st/stm32cubeide_1.4.0/stm32cubeide/plugins/com.st.stm32cube.ide.mcu.externaltools.gnu-tools-for-stm32.7-2018-q2-update.win32_1.4.0.202007081208/tools/bin/../lib/gcc/arm-none-eabi/7.3.1/thumb/v7-m/crtbegin.o
                0x0000000020000000                . = ALIGN (0x4)

.bss            0x0000000020000000      0x524 load address 0x000000000800116c
                0x0000000020000000                _sbss = .
                0x0000000020000000                __bss_start__ = _sbss
 *(.bss)
 .bss           0x0000000020000000       0x1c c:/st/stm32cubeide_1.4.0/stm32cubeide/plugins/com.st.stm32cube.ide.mcu.externaltools.gnu-tools-for-stm32.7-2018-q2-update.win32_1.4.0.202007081208/tools/bin/../lib/gcc/arm-none-eabi/7.3.1/thumb/v7-m/crtbegin.o
 *(.bss*)
 .bss.Count.5450
                0x000000002000001c        0x4 Src/main.o
 .bss.Count.5460
                0x0000000020000020        0x4 Src/main.o
 .bss.Global_SPI_Config
                0x0000000020000024        0x8 Stm32F103C6_Drives/Stm32_F103C6_SPI_Driver.o
                0x0000000020000024                Global_SPI_Config
 .bss.Global_UART_Config
                0x000000002000002c        0x4 Stm32F103C6_Drives/Stm32_F103C6_USART_Driver.o
                0x000000002000002c                Global_UART_Config
 *(COMMON)
 COMMON         0x0000000020000030        0x1 MY_RTOS/CortexMX_OS_Porting.o
                0x0000000020000030                SysTickLED
 *fill*         0x0000000020000031        0x3 
 COMMON         0x0000000020000034      0x398 MY_RTOS/Scheduler.o
                0x0000000020000034                Ready_Queue
                0x0000000020000048                OS_Control
                0x00000000200001f4                MYRTOS_idleTask
                0x0000000020000238                IdleTaskLED
                0x000000002000023c                Ready_Queue_FIFO
 COMMON         0x00000000200003cc      0x155 Src/main.o
                0x00000000200003cc                Task4
                0x0000000020000410                Task1
                0x0000000020000454                Task4LED
                0x0000000020000455                Task2LED
                0x0000000020000458                Task3
                0x000000002000049c                Task1LED
                0x00000000200004a0                Task2
                0x00000000200004e4                GP_IRQ_CallBack
                0x0000000020000520                Task3LED
                0x0000000020000524                . = ALIGN (0x4)
 *fill*         0x0000000020000521        0x3 
                0x0000000020000524                _ebss = .
                0x0000000020000524                __bss_end__ = _ebss

._user_heap_stack
                0x0000000020000524      0x604 load address 0x000000000800116c
                0x0000000020000528                . = ALIGN (0x8)
 *fill*         0x0000000020000524        0x4 
                [!provide]                        PROVIDE (end = .)
                0x0000000020000528                PROVIDE (_end = .)
                0x0000000020000728                . = (. + _Min_Heap_Size)
 *fill*         0x0000000020000528      0x200 
                0x0000000020000b28                . = (. + _Min_Stack_Size)
 *fill*         0x0000000020000728      0x400 
                0x0000000020000b28                . = ALIGN (0x8)
                0x0000000020000b28                _eheap = .

/DISCARD/
 libc.a(*)
 libm.a(*)
 libgcc.a(*)

.ARM.attributes
                0x0000000000000000       0x29
 *(.ARM.attributes)
 .ARM.attributes
                0x0000000000000000       0x1d c:/st/stm32cubeide_1.4.0/stm32cubeide/plugins/com.st.stm32cube.ide.mcu.externaltools.gnu-tools-for-stm32.7-2018-q2-update.win32_1.4.0.202007081208/tools/bin/../lib/gcc/arm-none-eabi/7.3.1/thumb/v7-m/crti.o
 .ARM.attributes
                0x000000000000001d       0x2d c:/st/stm32cubeide_1.4.0/stm32cubeide/plugins/com.st.stm32cube.ide.mcu.externaltools.gnu-tools-for-stm32.7-2018-q2-update.win32_1.4.0.202007081208/tools/bin/../lib/gcc/arm-none-eabi/7.3.1/thumb/v7-m/crtbegin.o
 .ARM.attributes
                0x000000000000004a       0x33 MY_RTOS/CortexMX_OS_Porting.o
 .ARM.attributes
                0x000000000000007d       0x33 MY_RTOS/MYRTOS_FIFO.o
 .ARM.attributes
                0x00000000000000b0       0x33 MY_RTOS/Scheduler.o
 .ARM.attributes
                0x00000000000000e3       0x33 Src/main.o
 .ARM.attributes
                0x0000000000000116       0x21 Startup/startup_stm32f103c6tx.o
 .ARM.attributes
                0x0000000000000137       0x33 Stm32F103C6_Drives/Stm32_F103C6_EXTI_Driver.o
 .ARM.attributes
                0x000000000000016a       0x33 Stm32F103C6_Drives/Stm32_F103C6_SPI_Driver.o
 .ARM.attributes
                0x000000000000019d       0x33 Stm32F103C6_Drives/Stm32_F103C6_USART_Driver.o
 .ARM.attributes
                0x00000000000001d0       0x2d c:/st/stm32cubeide_1.4.0/stm32cubeide/plugins/com.st.stm32cube.ide.mcu.externaltools.gnu-tools-for-stm32.7-2018-q2-update.win32_1.4.0.202007081208/tools/bin/../lib/gcc/arm-none-eabi/7.3.1/../../../../arm-none-eabi/lib/thumb/v7-m\libc_nano.a(lib_a-init.o)
 .ARM.attributes
                0x00000000000001fd       0x1b c:/st/stm32cubeide_1.4.0/stm32cubeide/plugins/com.st.stm32cube.ide.mcu.externaltools.gnu-tools-for-stm32.7-2018-q2-update.win32_1.4.0.202007081208/tools/bin/../lib/gcc/arm-none-eabi/7.3.1/../../../../arm-none-eabi/lib/thumb/v7-m\libc_nano.a(lib_a-strcmp.o)
 .ARM.attributes
                0x0000000000000218       0x1d c:/st/stm32cubeide_1.4.0/stm32cubeide/plugins/com.st.stm32cube.ide.mcu.externaltools.gnu-tools-for-stm32.7-2018-q2-update.win32_1.4.0.202007081208/tools/bin/../lib/gcc/arm-none-eabi/7.3.1/thumb/v7-m/crtn.o
OUTPUT(Drivers.axf elf32-littlearm)

.debug_info     0x0000000000000000     0x5abd
 .debug_info    0x0000000000000000      0x641 MY_RTOS/CortexMX_OS_Porting.o
 .debug_info    0x0000000000000641      0xca0 MY_RTOS/MYRTOS_FIFO.o
 .debug_info    0x00000000000012e1      0xfe3 MY_RTOS/Scheduler.o
 .debug_info    0x00000000000022c4      0xd2d Src/main.o
 .debug_info    0x0000000000002ff1       0x22 Startup/startup_stm32f103c6tx.o
 .debug_info    0x0000000000003013      0xdbc Stm32F103C6_Drives/Stm32_F103C6_EXTI_Driver.o
 .debug_info    0x0000000000003dcf      0xef5 Stm32F103C6_Drives/Stm32_F103C6_SPI_Driver.o
 .debug_info    0x0000000000004cc4      0xdf9 Stm32F103C6_Drives/Stm32_F103C6_USART_Driver.o

.debug_abbrev   0x0000000000000000      0xf9e
 .debug_abbrev  0x0000000000000000      0x1de MY_RTOS/CortexMX_OS_Porting.o
 .debug_abbrev  0x00000000000001de      0x1cf MY_RTOS/MYRTOS_FIFO.o
 .debug_abbrev  0x00000000000003ad      0x337 MY_RTOS/Scheduler.o
 .debug_abbrev  0x00000000000006e4      0x21b Src/main.o
 .debug_abbrev  0x00000000000008ff       0x12 Startup/startup_stm32f103c6tx.o
 .debug_abbrev  0x0000000000000911      0x239 Stm32F103C6_Drives/Stm32_F103C6_EXTI_Driver.o
 .debug_abbrev  0x0000000000000b4a      0x240 Stm32F103C6_Drives/Stm32_F103C6_SPI_Driver.o
 .debug_abbrev  0x0000000000000d8a      0x214 Stm32F103C6_Drives/Stm32_F103C6_USART_Driver.o

.debug_loc      0x0000000000000000     0x11a4
 .debug_loc     0x0000000000000000      0x224 MY_RTOS/CortexMX_OS_Porting.o
 .debug_loc     0x0000000000000224      0x1cc MY_RTOS/MYRTOS_FIFO.o
 .debug_loc     0x00000000000003f0      0x45c MY_RTOS/Scheduler.o
 .debug_loc     0x000000000000084c       0xe8 Src/main.o
 .debug_loc     0x0000000000000934      0x320 Stm32F103C6_Drives/Stm32_F103C6_EXTI_Driver.o
 .debug_loc     0x0000000000000c54      0x2bc Stm32F103C6_Drives/Stm32_F103C6_SPI_Driver.o
 .debug_loc     0x0000000000000f10      0x294 Stm32F103C6_Drives/Stm32_F103C6_USART_Driver.o

.debug_aranges  0x0000000000000000      0x2e8
 .debug_aranges
                0x0000000000000000       0x70 MY_RTOS/CortexMX_OS_Porting.o
 .debug_aranges
                0x0000000000000070       0x40 MY_RTOS/MYRTOS_FIFO.o
 .debug_aranges
                0x00000000000000b0       0x98 MY_RTOS/Scheduler.o
 .debug_aranges
                0x0000000000000148       0x40 Src/main.o
 .debug_aranges
                0x0000000000000188       0x28 Startup/startup_stm32f103c6tx.o
 .debug_aranges
                0x00000000000001b0       0x80 Stm32F103C6_Drives/Stm32_F103C6_EXTI_Driver.o
 .debug_aranges
                0x0000000000000230       0x58 Stm32F103C6_Drives/Stm32_F103C6_SPI_Driver.o
 .debug_aranges
                0x0000000000000288       0x60 Stm32F103C6_Drives/Stm32_F103C6_USART_Driver.o

.debug_ranges   0x0000000000000000      0x270
 .debug_ranges  0x0000000000000000       0x60 MY_RTOS/CortexMX_OS_Porting.o
 .debug_ranges  0x0000000000000060       0x30 MY_RTOS/MYRTOS_FIFO.o
 .debug_ranges  0x0000000000000090       0x88 MY_RTOS/Scheduler.o
 .debug_ranges  0x0000000000000118       0x30 Src/main.o
 .debug_ranges  0x0000000000000148       0x20 Startup/startup_stm32f103c6tx.o
 .debug_ranges  0x0000000000000168       0x70 Stm32F103C6_Drives/Stm32_F103C6_EXTI_Driver.o
 .debug_ranges  0x00000000000001d8       0x48 Stm32F103C6_Drives/Stm32_F103C6_SPI_Driver.o
 .debug_ranges  0x0000000000000220       0x50 Stm32F103C6_Drives/Stm32_F103C6_USART_Driver.o

.debug_macro    0x0000000000000000     0x2ad9
 .debug_macro   0x0000000000000000       0xbd MY_RTOS/CortexMX_OS_Porting.o
 .debug_macro   0x00000000000000bd       0x28 MY_RTOS/CortexMX_OS_Porting.o
 .debug_macro   0x00000000000000e5       0x8e MY_RTOS/CortexMX_OS_Porting.o
 .debug_macro   0x0000000000000173       0x51 MY_RTOS/CortexMX_OS_Porting.o
 .debug_macro   0x00000000000001c4       0x1c MY_RTOS/CortexMX_OS_Porting.o
 .debug_macro   0x00000000000001e0       0x22 MY_RTOS/CortexMX_OS_Porting.o
 .debug_macro   0x0000000000000202       0xe5 MY_RTOS/CortexMX_OS_Porting.o
 .debug_macro   0x00000000000002e7      0xe3c MY_RTOS/CortexMX_OS_Porting.o
 .debug_macro   0x0000000000001123       0x2e MY_RTOS/CortexMX_OS_Porting.o
 .debug_macro   0x0000000000001151      0x22c MY_RTOS/MYRTOS_FIFO.o
 .debug_macro   0x000000000000137d       0x16 MY_RTOS/MYRTOS_FIFO.o
 .debug_macro   0x0000000000001393       0x97 MY_RTOS/MYRTOS_FIFO.o
 .debug_macro   0x000000000000142a       0xfd MY_RTOS/MYRTOS_FIFO.o
 .debug_macro   0x0000000000001527       0x10 MY_RTOS/MYRTOS_FIFO.o
 .debug_macro   0x0000000000001537       0x10 MY_RTOS/MYRTOS_FIFO.o
 .debug_macro   0x0000000000001547       0x1c MY_RTOS/MYRTOS_FIFO.o
 .debug_macro   0x0000000000001563       0x52 MY_RTOS/MYRTOS_FIFO.o
 .debug_macro   0x00000000000015b5       0x40 MY_RTOS/MYRTOS_FIFO.o
 .debug_macro   0x00000000000015f5       0x10 MY_RTOS/MYRTOS_FIFO.o
 .debug_macro   0x0000000000001605       0x40 MY_RTOS/MYRTOS_FIFO.o
 .debug_macro   0x0000000000001645       0xd7 MY_RTOS/MYRTOS_FIFO.o
 .debug_macro   0x000000000000171c       0x1c MY_RTOS/MYRTOS_FIFO.o
 .debug_macro   0x0000000000001738       0x3d MY_RTOS/MYRTOS_FIFO.o
 .debug_macro   0x0000000000001775       0x16 MY_RTOS/MYRTOS_FIFO.o
 .debug_macro   0x000000000000178b      0x145 MY_RTOS/MYRTOS_FIFO.o
 .debug_macro   0x00000000000018d0       0xdf MY_RTOS/MYRTOS_FIFO.o
 .debug_macro   0x00000000000019af      0x236 MY_RTOS/Scheduler.o
 .debug_macro   0x0000000000001be5       0x46 MY_RTOS/Scheduler.o
 .debug_macro   0x0000000000001c2b      0x32a MY_RTOS/Scheduler.o
 .debug_macro   0x0000000000001f55      0x1d6 Src/main.o
 .debug_macro   0x000000000000212b      0x239 Src/main.o
 .debug_macro   0x0000000000002364       0xa0 Src/main.o
 .debug_macro   0x0000000000002404       0x40 Src/main.o
 .debug_macro   0x0000000000002444      0x152 Stm32F103C6_Drives/Stm32_F103C6_EXTI_Driver.o
 .debug_macro   0x0000000000002596       0xd6 Stm32F103C6_Drives/Stm32_F103C6_EXTI_Driver.o
 .debug_macro   0x000000000000266c      0x160 Stm32F103C6_Drives/Stm32_F103C6_SPI_Driver.o
 .debug_macro   0x00000000000027cc       0xbe Stm32F103C6_Drives/Stm32_F103C6_SPI_Driver.o
 .debug_macro   0x000000000000288a      0x151 Stm32F103C6_Drives/Stm32_F103C6_USART_Driver.o
 .debug_macro   0x00000000000029db       0x16 Stm32F103C6_Drives/Stm32_F103C6_USART_Driver.o
 .debug_macro   0x00000000000029f1       0xe8 Stm32F103C6_Drives/Stm32_F103C6_USART_Driver.o

.debug_line     0x0000000000000000     0x321f
 .debug_line    0x0000000000000000      0x574 MY_RTOS/CortexMX_OS_Porting.o
 .debug_line    0x0000000000000574      0x718 MY_RTOS/MYRTOS_FIFO.o
 .debug_line    0x0000000000000c8c      0x8b3 MY_RTOS/Scheduler.o
 .debug_line    0x000000000000153f      0x792 Src/main.o
 .debug_line    0x0000000000001cd1       0x84 Startup/startup_stm32f103c6tx.o
 .debug_line    0x0000000000001d55      0x77a Stm32F103C6_Drives/Stm32_F103C6_EXTI_Driver.o
 .debug_line    0x00000000000024cf      0x6b5 Stm32F103C6_Drives/Stm32_F103C6_SPI_Driver.o
 .debug_line    0x0000000000002b84      0x69b Stm32F103C6_Drives/Stm32_F103C6_USART_Driver.o

.debug_str      0x0000000000000000    0x11bf4
 .debug_str     0x0000000000000000     0x983b MY_RTOS/CortexMX_OS_Porting.o
                                       0x99d6 (size before relaxing)
 .debug_str     0x000000000000983b     0x44da MY_RTOS/MYRTOS_FIFO.o
                                       0xdc5e (size before relaxing)
 .debug_str     0x000000000000dd15      0x29c MY_RTOS/Scheduler.o
                                       0xdec3 (size before relaxing)
 .debug_str     0x000000000000dfb1     0x2a2a Src/main.o
                                       0xf44f (size before relaxing)
 .debug_str     0x00000000000109db       0x31 Startup/startup_stm32f103c6tx.o
                                         0x73 (size before relaxing)
 .debug_str     0x0000000000010a0c      0x26c Stm32F103C6_Drives/Stm32_F103C6_EXTI_Driver.o
                                       0x97a6 (size before relaxing)
 .debug_str     0x0000000000010c78      0x770 Stm32F103C6_Drives/Stm32_F103C6_SPI_Driver.o
                                       0x89e7 (size before relaxing)
 .debug_str     0x00000000000113e8      0x80c Stm32F103C6_Drives/Stm32_F103C6_USART_Driver.o
                                       0x8ae8 (size before relaxing)

.comment        0x0000000000000000       0x7b
 .comment       0x0000000000000000       0x7b MY_RTOS/CortexMX_OS_Porting.o
                                         0x7c (size before relaxing)
 .comment       0x000000000000007b       0x7c MY_RTOS/MYRTOS_FIFO.o
 .comment       0x000000000000007b       0x7c MY_RTOS/Scheduler.o
 .comment       0x000000000000007b       0x7c Src/main.o
 .comment       0x000000000000007b       0x7c Stm32F103C6_Drives/Stm32_F103C6_EXTI_Driver.o
 .comment       0x000000000000007b       0x7c Stm32F103C6_Drives/Stm32_F103C6_SPI_Driver.o
 .comment       0x000000000000007b       0x7c Stm32F103C6_Drives/Stm32_F103C6_USART_Driver.o

.debug_frame    0x0000000000000000      0x970
 .debug_frame   0x0000000000000000      0x140 MY_RTOS/CortexMX_OS_Porting.o
 .debug_frame   0x0000000000000140       0xd8 MY_RTOS/MYRTOS_FIFO.o
 .debug_frame   0x0000000000000218      0x228 MY_RTOS/Scheduler.o
 .debug_frame   0x0000000000000440       0xa0 Src/main.o
 .debug_frame   0x00000000000004e0      0x1b0 Stm32F103C6_Drives/Stm32_F103C6_EXTI_Driver.o
 .debug_frame   0x0000000000000690      0x148 Stm32F103C6_Drives/Stm32_F103C6_SPI_Driver.o
 .debug_frame   0x00000000000007d8      0x14c Stm32F103C6_Drives/Stm32_F103C6_USART_Driver.o
 .debug_frame   0x0000000000000924       0x2c c:/st/stm32cubeide_1.4.0/stm32cubeide/plugins/com.st.stm32cube.ide.mcu.externaltools.gnu-tools-for-stm32.7-2018-q2-update.win32_1.4.0.202007081208/tools/bin/../lib/gcc/arm-none-eabi/7.3.1/../../../../arm-none-eabi/lib/thumb/v7-m\libc_nano.a(lib_a-init.o)
 .debug_frame   0x0000000000000950       0x20 c:/st/stm32cubeide_1.4.0/stm32cubeide/plugins/com.st.stm32cube.ide.mcu.externaltools.gnu-tools-for-stm32.7-2018-q2-update.win32_1.4.0.202007081208/tools/bin/../lib/gcc/arm-none-eabi/7.3.1/../../../../arm-none-eabi/lib/thumb/v7-m\libc_nano.a(lib_a-strcmp.o)
