Stm32_F103C6_EXTI_Driver.c:30:6:Enable_NVIC	16	static
Stm32_F103C6_EXTI_Driver.c:68:6:Disable_NVIC	16	static
Stm32_F103C6_EXTI_Driver.c:107:6:Update_EXTI	24	static
Stm32_F103C6_EXTI_Driver.c:177:6:EXTI0_IRQHandler	8	static
Stm32_F103C6_EXTI_Driver.c:185:6:EXTI1_IRQHandler	8	static
Stm32_F103C6_EXTI_Driver.c:192:6:EXTI2_IRQHandler	8	static
Stm32_F103C6_EXTI_Driver.c:199:6:EXTI3_IRQHandler	8	static
Stm32_F103C6_EXTI_Driver.c:206:6:EXTI4_IRQHandler	8	static
Stm32_F103C6_EXTI_Driver.c:213:6:EXTI9_5_IRQHandler	8	static
Stm32_F103C6_EXTI_Driver.c:222:6:EXTI15_10_IRQHandler	8	static
Stm32_F103C6_EXTI_Driver.c:247:6:MCAL_EXTI_GPIO_DeInit	4	static
Stm32_F103C6_EXTI_Driver.c:279:6:MCAL_EXTI_GPIO_Init	16	static
Stm32_F103C6_EXTI_Driver.c:294:6:MCAL_EXTI_GPIO_Update	16	static
