Stm32_F103C6_USART_Driver.c:33:6:MCAL_UART_Init	24	static
Stm32_F103C6_USART_Driver.c:109:6:MCAL_UART_DeInit	16	static
Stm32_F103C6_USART_Driver.c:143:6:MCAL_UART_SendData	24	static
Stm32_F103C6_USART_Driver.c:169:6:MCAL_UART_WAIT_TC	16	static
Stm32_F103C6_USART_Driver.c:176:6:MCAL_UART_ReceiveData	24	static
Stm32_F103C6_USART_Driver.c:223:6:MCAL_UART_GPIO_Set_Pins	24	static
Stm32_F103C6_USART_Driver.c:265:6:USART1_IRQHandler	8	static
Stm32_F103C6_USART_Driver.c:270:6:USART2_IRQHandler	8	static
Stm32_F103C6_USART_Driver.c:275:6:USART3_IRQHandler	8	static
