Archive member included to satisfy reference by file (symbol)

c:/st/stm32cubeide_1.4.0/stm32cubeide/plugins/com.st.stm32cube.ide.mcu.externaltools.gnu-tools-for-stm32.7-2018-q2-update.win32_1.4.0.202007081208/tools/bin/../lib/gcc/arm-none-eabi/7.3.1/../../../../arm-none-eabi/lib/thumb/v7-m\libc_nano.a(lib_a-errno.o)
                              Src/syscalls.o (__errno)
c:/st/stm32cubeide_1.4.0/stm32cubeide/plugins/com.st.stm32cube.ide.mcu.externaltools.gnu-tools-for-stm32.7-2018-q2-update.win32_1.4.0.202007081208/tools/bin/../lib/gcc/arm-none-eabi/7.3.1/../../../../arm-none-eabi/lib/thumb/v7-m\libc_nano.a(lib_a-exit.o)
                              c:/st/stm32cubeide_1.4.0/stm32cubeide/plugins/com.st.stm32cube.ide.mcu.externaltools.gnu-tools-for-stm32.7-2018-q2-update.win32_1.4.0.202007081208/tools/bin/../lib/gcc/arm-none-eabi/7.3.1/../../../../arm-none-eabi/lib/thumb/v7-m/crt0.o (exit)
c:/st/stm32cubeide_1.4.0/stm32cubeide/plugins/com.st.stm32cube.ide.mcu.externaltools.gnu-tools-for-stm32.7-2018-q2-update.win32_1.4.0.202007081208/tools/bin/../lib/gcc/arm-none-eabi/7.3.1/../../../../arm-none-eabi/lib/thumb/v7-m\libc_nano.a(lib_a-impure.o)
                              c:/st/stm32cubeide_1.4.0/stm32cubeide/plugins/com.st.stm32cube.ide.mcu.externaltools.gnu-tools-for-stm32.7-2018-q2-update.win32_1.4.0.202007081208/tools/bin/../lib/gcc/arm-none-eabi/7.3.1/../../../../arm-none-eabi/lib/thumb/v7-m\libc_nano.a(lib_a-exit.o) (_global_impure_ptr)
c:/st/stm32cubeide_1.4.0/stm32cubeide/plugins/com.st.stm32cube.ide.mcu.externaltools.gnu-tools-for-stm32.7-2018-q2-update.win32_1.4.0.202007081208/tools/bin/../lib/gcc/arm-none-eabi/7.3.1/../../../../arm-none-eabi/lib/thumb/v7-m\libc_nano.a(lib_a-init.o)
                              c:/st/stm32cubeide_1.4.0/stm32cubeide/plugins/com.st.stm32cube.ide.mcu.externaltools.gnu-tools-for-stm32.7-2018-q2-update.win32_1.4.0.202007081208/tools/bin/../lib/gcc/arm-none-eabi/7.3.1/../../../../arm-none-eabi/lib/thumb/v7-m/crt0.o (__libc_init_array)
c:/st/stm32cubeide_1.4.0/stm32cubeide/plugins/com.st.stm32cube.ide.mcu.externaltools.gnu-tools-for-stm32.7-2018-q2-update.win32_1.4.0.202007081208/tools/bin/../lib/gcc/arm-none-eabi/7.3.1/../../../../arm-none-eabi/lib/thumb/v7-m\libc_nano.a(lib_a-memset.o)
                              c:/st/stm32cubeide_1.4.0/stm32cubeide/plugins/com.st.stm32cube.ide.mcu.externaltools.gnu-tools-for-stm32.7-2018-q2-update.win32_1.4.0.202007081208/tools/bin/../lib/gcc/arm-none-eabi/7.3.1/../../../../arm-none-eabi/lib/thumb/v7-m/crt0.o (memset)

Allocating common symbols
Common symbol       size              file

Schedular_ready_queue
                    0x190             Mahmoud_RTOS/schedular.o
OS_Control          0x1b0             Mahmoud_RTOS/schedular.o
Schedular_ready_queue_Status
                    0x14              Mahmoud_RTOS/schedular.o
task1               0x44              Src/main.o
task2               0x44              Src/main.o
M_RTOS_Idle_task    0x4               Mahmoud_RTOS/schedular.o

Discarded input sections

 .text          0x0000000000000000        0x0 c:/st/stm32cubeide_1.4.0/stm32cubeide/plugins/com.st.stm32cube.ide.mcu.externaltools.gnu-tools-for-stm32.7-2018-q2-update.win32_1.4.0.202007081208/tools/bin/../lib/gcc/arm-none-eabi/7.3.1/thumb/v7-m/crti.o
 .data          0x0000000000000000        0x0 c:/st/stm32cubeide_1.4.0/stm32cubeide/plugins/com.st.stm32cube.ide.mcu.externaltools.gnu-tools-for-stm32.7-2018-q2-update.win32_1.4.0.202007081208/tools/bin/../lib/gcc/arm-none-eabi/7.3.1/thumb/v7-m/crti.o
 .bss           0x0000000000000000        0x0 c:/st/stm32cubeide_1.4.0/stm32cubeide/plugins/com.st.stm32cube.ide.mcu.externaltools.gnu-tools-for-stm32.7-2018-q2-update.win32_1.4.0.202007081208/tools/bin/../lib/gcc/arm-none-eabi/7.3.1/thumb/v7-m/crti.o
 .data          0x0000000000000000        0x4 c:/st/stm32cubeide_1.4.0/stm32cubeide/plugins/com.st.stm32cube.ide.mcu.externaltools.gnu-tools-for-stm32.7-2018-q2-update.win32_1.4.0.202007081208/tools/bin/../lib/gcc/arm-none-eabi/7.3.1/thumb/v7-m/crtbegin.o
 .text          0x0000000000000000       0x74 c:/st/stm32cubeide_1.4.0/stm32cubeide/plugins/com.st.stm32cube.ide.mcu.externaltools.gnu-tools-for-stm32.7-2018-q2-update.win32_1.4.0.202007081208/tools/bin/../lib/gcc/arm-none-eabi/7.3.1/../../../../arm-none-eabi/lib/thumb/v7-m/crt0.o
 .data          0x0000000000000000        0x0 c:/st/stm32cubeide_1.4.0/stm32cubeide/plugins/com.st.stm32cube.ide.mcu.externaltools.gnu-tools-for-stm32.7-2018-q2-update.win32_1.4.0.202007081208/tools/bin/../lib/gcc/arm-none-eabi/7.3.1/../../../../arm-none-eabi/lib/thumb/v7-m/crt0.o
 .bss           0x0000000000000000        0x0 c:/st/stm32cubeide_1.4.0/stm32cubeide/plugins/com.st.stm32cube.ide.mcu.externaltools.gnu-tools-for-stm32.7-2018-q2-update.win32_1.4.0.202007081208/tools/bin/../lib/gcc/arm-none-eabi/7.3.1/../../../../arm-none-eabi/lib/thumb/v7-m/crt0.o
 .ARM.extab     0x0000000000000000        0x0 c:/st/stm32cubeide_1.4.0/stm32cubeide/plugins/com.st.stm32cube.ide.mcu.externaltools.gnu-tools-for-stm32.7-2018-q2-update.win32_1.4.0.202007081208/tools/bin/../lib/gcc/arm-none-eabi/7.3.1/../../../../arm-none-eabi/lib/thumb/v7-m/crt0.o
 .ARM.exidx     0x0000000000000000        0x8 c:/st/stm32cubeide_1.4.0/stm32cubeide/plugins/com.st.stm32cube.ide.mcu.externaltools.gnu-tools-for-stm32.7-2018-q2-update.win32_1.4.0.202007081208/tools/bin/../lib/gcc/arm-none-eabi/7.3.1/../../../../arm-none-eabi/lib/thumb/v7-m/crt0.o
 .ARM.attributes
                0x0000000000000000       0x1b c:/st/stm32cubeide_1.4.0/stm32cubeide/plugins/com.st.stm32cube.ide.mcu.externaltools.gnu-tools-for-stm32.7-2018-q2-update.win32_1.4.0.202007081208/tools/bin/../lib/gcc/arm-none-eabi/7.3.1/../../../../arm-none-eabi/lib/thumb/v7-m/crt0.o
 .group         0x0000000000000000        0xc Mahmoud_RTOS/CortexMX_OS_Porting.o
 .group         0x0000000000000000        0xc Mahmoud_RTOS/CortexMX_OS_Porting.o
 .group         0x0000000000000000        0xc Mahmoud_RTOS/CortexMX_OS_Porting.o
 .group         0x0000000000000000        0xc Mahmoud_RTOS/CortexMX_OS_Porting.o
 .group         0x0000000000000000        0xc Mahmoud_RTOS/CortexMX_OS_Porting.o
 .group         0x0000000000000000        0xc Mahmoud_RTOS/CortexMX_OS_Porting.o
 .group         0x0000000000000000        0xc Mahmoud_RTOS/CortexMX_OS_Porting.o
 .group         0x0000000000000000        0xc Mahmoud_RTOS/CortexMX_OS_Porting.o
 .group         0x0000000000000000        0xc Mahmoud_RTOS/CortexMX_OS_Porting.o
 .group         0x0000000000000000        0xc Mahmoud_RTOS/CortexMX_OS_Porting.o
 .group         0x0000000000000000        0xc Mahmoud_RTOS/CortexMX_OS_Porting.o
 .group         0x0000000000000000        0xc Mahmoud_RTOS/CortexMX_OS_Porting.o
 .group         0x0000000000000000        0xc Mahmoud_RTOS/CortexMX_OS_Porting.o
 .text          0x0000000000000000        0x0 Mahmoud_RTOS/CortexMX_OS_Porting.o
 .data          0x0000000000000000        0x0 Mahmoud_RTOS/CortexMX_OS_Porting.o
 .bss           0x0000000000000000        0x0 Mahmoud_RTOS/CortexMX_OS_Porting.o
 .text.Hardware_init
                0x0000000000000000        0xc Mahmoud_RTOS/CortexMX_OS_Porting.o
 .group         0x0000000000000000        0xc Mahmoud_RTOS/fifo.o
 .group         0x0000000000000000        0xc Mahmoud_RTOS/fifo.o
 .group         0x0000000000000000        0xc Mahmoud_RTOS/fifo.o
 .group         0x0000000000000000        0xc Mahmoud_RTOS/fifo.o
 .group         0x0000000000000000        0xc Mahmoud_RTOS/fifo.o
 .group         0x0000000000000000        0xc Mahmoud_RTOS/fifo.o
 .group         0x0000000000000000        0xc Mahmoud_RTOS/fifo.o
 .group         0x0000000000000000        0xc Mahmoud_RTOS/fifo.o
 .group         0x0000000000000000        0xc Mahmoud_RTOS/fifo.o
 .group         0x0000000000000000        0xc Mahmoud_RTOS/fifo.o
 .group         0x0000000000000000        0xc Mahmoud_RTOS/fifo.o
 .group         0x0000000000000000        0xc Mahmoud_RTOS/fifo.o
 .group         0x0000000000000000        0xc Mahmoud_RTOS/fifo.o
 .group         0x0000000000000000        0xc Mahmoud_RTOS/fifo.o
 .group         0x0000000000000000        0xc Mahmoud_RTOS/fifo.o
 .group         0x0000000000000000        0xc Mahmoud_RTOS/fifo.o
 .group         0x0000000000000000        0xc Mahmoud_RTOS/fifo.o
 .group         0x0000000000000000        0xc Mahmoud_RTOS/fifo.o
 .group         0x0000000000000000        0xc Mahmoud_RTOS/fifo.o
 .group         0x0000000000000000        0xc Mahmoud_RTOS/fifo.o
 .group         0x0000000000000000        0xc Mahmoud_RTOS/fifo.o
 .group         0x0000000000000000        0xc Mahmoud_RTOS/fifo.o
 .group         0x0000000000000000        0xc Mahmoud_RTOS/fifo.o
 .group         0x0000000000000000        0xc Mahmoud_RTOS/fifo.o
 .group         0x0000000000000000        0xc Mahmoud_RTOS/fifo.o
 .group         0x0000000000000000        0xc Mahmoud_RTOS/fifo.o
 .group         0x0000000000000000        0xc Mahmoud_RTOS/fifo.o
 .group         0x0000000000000000        0xc Mahmoud_RTOS/fifo.o
 .group         0x0000000000000000        0xc Mahmoud_RTOS/fifo.o
 .group         0x0000000000000000        0xc Mahmoud_RTOS/fifo.o
 .group         0x0000000000000000        0xc Mahmoud_RTOS/fifo.o
 .group         0x0000000000000000        0xc Mahmoud_RTOS/fifo.o
 .group         0x0000000000000000        0xc Mahmoud_RTOS/fifo.o
 .group         0x0000000000000000        0xc Mahmoud_RTOS/fifo.o
 .group         0x0000000000000000        0xc Mahmoud_RTOS/fifo.o
 .group         0x0000000000000000        0xc Mahmoud_RTOS/fifo.o
 .group         0x0000000000000000        0xc Mahmoud_RTOS/fifo.o
 .group         0x0000000000000000        0xc Mahmoud_RTOS/fifo.o
 .group         0x0000000000000000        0xc Mahmoud_RTOS/fifo.o
 .group         0x0000000000000000        0xc Mahmoud_RTOS/fifo.o
 .group         0x0000000000000000        0xc Mahmoud_RTOS/fifo.o
 .group         0x0000000000000000        0xc Mahmoud_RTOS/fifo.o
 .text          0x0000000000000000        0x0 Mahmoud_RTOS/fifo.o
 .data          0x0000000000000000        0x0 Mahmoud_RTOS/fifo.o
 .bss           0x0000000000000000        0x0 Mahmoud_RTOS/fifo.o
 .text.push_element_F
                0x0000000000000000       0x54 Mahmoud_RTOS/fifo.o
 .text.pop_element_F
                0x0000000000000000       0x50 Mahmoud_RTOS/fifo.o
 .rodata        0x0000000000000000       0x12 Mahmoud_RTOS/fifo.o
 .text.show_all_elements_F
                0x0000000000000000       0x50 Mahmoud_RTOS/fifo.o
 .debug_macro   0x0000000000000000      0xa60 Mahmoud_RTOS/fifo.o
 .debug_macro   0x0000000000000000       0x28 Mahmoud_RTOS/fifo.o
 .debug_macro   0x0000000000000000       0x1c Mahmoud_RTOS/fifo.o
 .debug_macro   0x0000000000000000       0x22 Mahmoud_RTOS/fifo.o
 .debug_macro   0x0000000000000000       0x8e Mahmoud_RTOS/fifo.o
 .debug_macro   0x0000000000000000       0x51 Mahmoud_RTOS/fifo.o
 .debug_macro   0x0000000000000000       0xef Mahmoud_RTOS/fifo.o
 .debug_macro   0x0000000000000000       0x6a Mahmoud_RTOS/fifo.o
 .debug_macro   0x0000000000000000      0x1df Mahmoud_RTOS/fifo.o
 .debug_macro   0x0000000000000000       0x22 Mahmoud_RTOS/fifo.o
 .debug_macro   0x0000000000000000       0xdf Mahmoud_RTOS/fifo.o
 .debug_macro   0x0000000000000000      0xe3c Mahmoud_RTOS/fifo.o
 .debug_macro   0x0000000000000000       0x34 Mahmoud_RTOS/fifo.o
 .group         0x0000000000000000        0xc Mahmoud_RTOS/schedular.o
 .group         0x0000000000000000        0xc Mahmoud_RTOS/schedular.o
 .group         0x0000000000000000        0xc Mahmoud_RTOS/schedular.o
 .group         0x0000000000000000        0xc Mahmoud_RTOS/schedular.o
 .group         0x0000000000000000        0xc Mahmoud_RTOS/schedular.o
 .group         0x0000000000000000        0xc Mahmoud_RTOS/schedular.o
 .group         0x0000000000000000        0xc Mahmoud_RTOS/schedular.o
 .group         0x0000000000000000        0xc Mahmoud_RTOS/schedular.o
 .group         0x0000000000000000        0xc Mahmoud_RTOS/schedular.o
 .group         0x0000000000000000        0xc Mahmoud_RTOS/schedular.o
 .group         0x0000000000000000        0xc Mahmoud_RTOS/schedular.o
 .group         0x0000000000000000        0xc Mahmoud_RTOS/schedular.o
 .group         0x0000000000000000        0xc Mahmoud_RTOS/schedular.o
 .group         0x0000000000000000        0xc Mahmoud_RTOS/schedular.o
 .group         0x0000000000000000        0xc Mahmoud_RTOS/schedular.o
 .group         0x0000000000000000        0xc Mahmoud_RTOS/schedular.o
 .group         0x0000000000000000        0xc Mahmoud_RTOS/schedular.o
 .group         0x0000000000000000        0xc Mahmoud_RTOS/schedular.o
 .group         0x0000000000000000        0xc Mahmoud_RTOS/schedular.o
 .group         0x0000000000000000        0xc Mahmoud_RTOS/schedular.o
 .group         0x0000000000000000        0xc Mahmoud_RTOS/schedular.o
 .group         0x0000000000000000        0xc Mahmoud_RTOS/schedular.o
 .group         0x0000000000000000        0xc Mahmoud_RTOS/schedular.o
 .group         0x0000000000000000        0xc Mahmoud_RTOS/schedular.o
 .group         0x0000000000000000        0xc Mahmoud_RTOS/schedular.o
 .group         0x0000000000000000        0xc Mahmoud_RTOS/schedular.o
 .group         0x0000000000000000        0xc Mahmoud_RTOS/schedular.o
 .group         0x0000000000000000        0xc Mahmoud_RTOS/schedular.o
 .group         0x0000000000000000        0xc Mahmoud_RTOS/schedular.o
 .group         0x0000000000000000        0xc Mahmoud_RTOS/schedular.o
 .group         0x0000000000000000        0xc Mahmoud_RTOS/schedular.o
 .text          0x0000000000000000        0x0 Mahmoud_RTOS/schedular.o
 .data          0x0000000000000000        0x0 Mahmoud_RTOS/schedular.o
 .bss           0x0000000000000000        0x0 Mahmoud_RTOS/schedular.o
 .debug_macro   0x0000000000000000      0xa60 Mahmoud_RTOS/schedular.o
 .debug_macro   0x0000000000000000       0x28 Mahmoud_RTOS/schedular.o
 .debug_macro   0x0000000000000000       0x1c Mahmoud_RTOS/schedular.o
 .debug_macro   0x0000000000000000       0x22 Mahmoud_RTOS/schedular.o
 .debug_macro   0x0000000000000000       0x8e Mahmoud_RTOS/schedular.o
 .debug_macro   0x0000000000000000       0x51 Mahmoud_RTOS/schedular.o
 .debug_macro   0x0000000000000000       0xef Mahmoud_RTOS/schedular.o
 .debug_macro   0x0000000000000000       0x6a Mahmoud_RTOS/schedular.o
 .debug_macro   0x0000000000000000      0x1df Mahmoud_RTOS/schedular.o
 .debug_macro   0x0000000000000000       0x22 Mahmoud_RTOS/schedular.o
 .debug_macro   0x0000000000000000       0xdf Mahmoud_RTOS/schedular.o
 .debug_macro   0x0000000000000000      0xe3c Mahmoud_RTOS/schedular.o
 .debug_macro   0x0000000000000000       0x34 Mahmoud_RTOS/schedular.o
 .debug_macro   0x0000000000000000       0x18 Mahmoud_RTOS/schedular.o
 .debug_macro   0x0000000000000000       0x46 Mahmoud_RTOS/schedular.o
 .debug_macro   0x0000000000000000       0x3c Mahmoud_RTOS/schedular.o
 .debug_macro   0x0000000000000000       0x34 Mahmoud_RTOS/schedular.o
 .debug_macro   0x0000000000000000       0x16 Mahmoud_RTOS/schedular.o
 .debug_macro   0x0000000000000000      0x10e Mahmoud_RTOS/schedular.o
 .debug_macro   0x0000000000000000       0x8d Mahmoud_RTOS/schedular.o
 .debug_macro   0x0000000000000000       0x52 Mahmoud_RTOS/schedular.o
 .debug_macro   0x0000000000000000       0x1f Mahmoud_RTOS/schedular.o
 .debug_macro   0x0000000000000000       0x43 Mahmoud_RTOS/schedular.o
 .debug_macro   0x0000000000000000       0x20 Mahmoud_RTOS/schedular.o
 .debug_macro   0x0000000000000000      0x1a3 Mahmoud_RTOS/schedular.o
 .debug_macro   0x0000000000000000      0x32a Mahmoud_RTOS/schedular.o
 .debug_macro   0x0000000000000000       0x16 Mahmoud_RTOS/schedular.o
 .debug_macro   0x0000000000000000       0x29 Mahmoud_RTOS/schedular.o
 .debug_macro   0x0000000000000000       0x35 Mahmoud_RTOS/schedular.o
 .group         0x0000000000000000        0xc Src/main.o
 .group         0x0000000000000000        0xc Src/main.o
 .group         0x0000000000000000        0xc Src/main.o
 .group         0x0000000000000000        0xc Src/main.o
 .group         0x0000000000000000        0xc Src/main.o
 .group         0x0000000000000000        0xc Src/main.o
 .group         0x0000000000000000        0xc Src/main.o
 .group         0x0000000000000000        0xc Src/main.o
 .group         0x0000000000000000        0xc Src/main.o
 .group         0x0000000000000000        0xc Src/main.o
 .group         0x0000000000000000        0xc Src/main.o
 .group         0x0000000000000000        0xc Src/main.o
 .group         0x0000000000000000        0xc Src/main.o
 .group         0x0000000000000000        0xc Src/main.o
 .group         0x0000000000000000        0xc Src/main.o
 .group         0x0000000000000000        0xc Src/main.o
 .group         0x0000000000000000        0xc Src/main.o
 .group         0x0000000000000000        0xc Src/main.o
 .group         0x0000000000000000        0xc Src/main.o
 .group         0x0000000000000000        0xc Src/main.o
 .group         0x0000000000000000        0xc Src/main.o
 .group         0x0000000000000000        0xc Src/main.o
 .group         0x0000000000000000        0xc Src/main.o
 .group         0x0000000000000000        0xc Src/main.o
 .group         0x0000000000000000        0xc Src/main.o
 .group         0x0000000000000000        0xc Src/main.o
 .group         0x0000000000000000        0xc Src/main.o
 .group         0x0000000000000000        0xc Src/main.o
 .group         0x0000000000000000        0xc Src/main.o
 .group         0x0000000000000000        0xc Src/main.o
 .text          0x0000000000000000        0x0 Src/main.o
 .data          0x0000000000000000        0x0 Src/main.o
 .bss           0x0000000000000000        0x0 Src/main.o
 .debug_macro   0x0000000000000000      0xa60 Src/main.o
 .debug_macro   0x0000000000000000       0x22 Src/main.o
 .debug_macro   0x0000000000000000       0x18 Src/main.o
 .debug_macro   0x0000000000000000       0x3c Src/main.o
 .debug_macro   0x0000000000000000       0x34 Src/main.o
 .debug_macro   0x0000000000000000       0x52 Src/main.o
 .debug_macro   0x0000000000000000       0x1f Src/main.o
 .debug_macro   0x0000000000000000       0x43 Src/main.o
 .debug_macro   0x0000000000000000       0x20 Src/main.o
 .debug_macro   0x0000000000000000      0x1a3 Src/main.o
 .debug_macro   0x0000000000000000       0x35 Src/main.o
 .debug_macro   0x0000000000000000       0x20 Src/main.o
 .debug_macro   0x0000000000000000       0x28 Src/main.o
 .debug_macro   0x0000000000000000       0x1c Src/main.o
 .debug_macro   0x0000000000000000       0xef Src/main.o
 .debug_macro   0x0000000000000000       0x6a Src/main.o
 .debug_macro   0x0000000000000000      0x1df Src/main.o
 .debug_macro   0x0000000000000000       0x22 Src/main.o
 .debug_macro   0x0000000000000000      0xe3c Src/main.o
 .debug_macro   0x0000000000000000       0x34 Src/main.o
 .debug_macro   0x0000000000000000       0x16 Src/main.o
 .debug_macro   0x0000000000000000       0x16 Src/main.o
 .debug_macro   0x0000000000000000       0x29 Src/main.o
 .group         0x0000000000000000        0xc Src/syscalls.o
 .group         0x0000000000000000        0xc Src/syscalls.o
 .group         0x0000000000000000        0xc Src/syscalls.o
 .group         0x0000000000000000        0xc Src/syscalls.o
 .group         0x0000000000000000        0xc Src/syscalls.o
 .group         0x0000000000000000        0xc Src/syscalls.o
 .group         0x0000000000000000        0xc Src/syscalls.o
 .group         0x0000000000000000        0xc Src/syscalls.o
 .group         0x0000000000000000        0xc Src/syscalls.o
 .group         0x0000000000000000        0xc Src/syscalls.o
 .group         0x0000000000000000        0xc Src/syscalls.o
 .group         0x0000000000000000        0xc Src/syscalls.o
 .group         0x0000000000000000        0xc Src/syscalls.o
 .group         0x0000000000000000        0xc Src/syscalls.o
 .group         0x0000000000000000        0xc Src/syscalls.o
 .group         0x0000000000000000        0xc Src/syscalls.o
 .group         0x0000000000000000        0xc Src/syscalls.o
 .group         0x0000000000000000        0xc Src/syscalls.o
 .group         0x0000000000000000        0xc Src/syscalls.o
 .group         0x0000000000000000        0xc Src/syscalls.o
 .group         0x0000000000000000        0xc Src/syscalls.o
 .group         0x0000000000000000        0xc Src/syscalls.o
 .group         0x0000000000000000        0xc Src/syscalls.o
 .group         0x0000000000000000        0xc Src/syscalls.o
 .group         0x0000000000000000        0xc Src/syscalls.o
 .group         0x0000000000000000        0xc Src/syscalls.o
 .group         0x0000000000000000        0xc Src/syscalls.o
 .group         0x0000000000000000        0xc Src/syscalls.o
 .group         0x0000000000000000        0xc Src/syscalls.o
 .group         0x0000000000000000        0xc Src/syscalls.o
 .group         0x0000000000000000        0xc Src/syscalls.o
 .group         0x0000000000000000        0xc Src/syscalls.o
 .group         0x0000000000000000        0xc Src/syscalls.o
 .group         0x0000000000000000        0xc Src/syscalls.o
 .group         0x0000000000000000        0xc Src/syscalls.o
 .group         0x0000000000000000        0xc Src/syscalls.o
 .group         0x0000000000000000        0xc Src/syscalls.o
 .group         0x0000000000000000        0xc Src/syscalls.o
 .group         0x0000000000000000        0xc Src/syscalls.o
 .group         0x0000000000000000        0xc Src/syscalls.o
 .group         0x0000000000000000        0xc Src/syscalls.o
 .group         0x0000000000000000        0xc Src/syscalls.o
 .group         0x0000000000000000        0xc Src/syscalls.o
 .group         0x0000000000000000        0xc Src/syscalls.o
 .text          0x0000000000000000        0x0 Src/syscalls.o
 .data          0x0000000000000000        0x0 Src/syscalls.o
 .bss           0x0000000000000000        0x0 Src/syscalls.o
 .bss.__env     0x0000000000000000        0x4 Src/syscalls.o
 .data.environ  0x0000000000000000        0x4 Src/syscalls.o
 .text.initialise_monitor_handles
                0x0000000000000000        0xc Src/syscalls.o
 .text._getpid  0x0000000000000000        0xe Src/syscalls.o
 .text._kill    0x0000000000000000       0x20 Src/syscalls.o
 .text._exit    0x0000000000000000       0x14 Src/syscalls.o
 .text._read    0x0000000000000000       0x3a Src/syscalls.o
 .text._write   0x0000000000000000       0x38 Src/syscalls.o
 .text._close   0x0000000000000000       0x16 Src/syscalls.o
 .text._fstat   0x0000000000000000       0x1e Src/syscalls.o
 .text._isatty  0x0000000000000000       0x14 Src/syscalls.o
 .text._lseek   0x0000000000000000       0x18 Src/syscalls.o
 .text._open    0x0000000000000000       0x1a Src/syscalls.o
 .text._wait    0x0000000000000000       0x1e Src/syscalls.o
 .text._unlink  0x0000000000000000       0x1e Src/syscalls.o
 .text._times   0x0000000000000000       0x16 Src/syscalls.o
 .text._stat    0x0000000000000000       0x1e Src/syscalls.o
 .text._link    0x0000000000000000       0x20 Src/syscalls.o
 .text._fork    0x0000000000000000       0x16 Src/syscalls.o
 .text._execve  0x0000000000000000       0x22 Src/syscalls.o
 .debug_info    0x0000000000000000     0x1038 Src/syscalls.o
 .debug_abbrev  0x0000000000000000      0x254 Src/syscalls.o
 .debug_loc     0x0000000000000000      0x5b8 Src/syscalls.o
 .debug_aranges
                0x0000000000000000       0xa8 Src/syscalls.o
 .debug_ranges  0x0000000000000000       0x98 Src/syscalls.o
 .debug_macro   0x0000000000000000      0x243 Src/syscalls.o
 .debug_macro   0x0000000000000000      0xa60 Src/syscalls.o
 .debug_macro   0x0000000000000000       0x22 Src/syscalls.o
 .debug_macro   0x0000000000000000       0x40 Src/syscalls.o
 .debug_macro   0x0000000000000000       0x18 Src/syscalls.o
 .debug_macro   0x0000000000000000       0x94 Src/syscalls.o
 .debug_macro   0x0000000000000000       0x3c Src/syscalls.o
 .debug_macro   0x0000000000000000       0x34 Src/syscalls.o
 .debug_macro   0x0000000000000000       0x57 Src/syscalls.o
 .debug_macro   0x0000000000000000      0x174 Src/syscalls.o
 .debug_macro   0x0000000000000000      0x330 Src/syscalls.o
 .debug_macro   0x0000000000000000       0x52 Src/syscalls.o
 .debug_macro   0x0000000000000000       0x1f Src/syscalls.o
 .debug_macro   0x0000000000000000       0x43 Src/syscalls.o
 .debug_macro   0x0000000000000000       0x20 Src/syscalls.o
 .debug_macro   0x0000000000000000      0x1a3 Src/syscalls.o
 .debug_macro   0x0000000000000000       0x10 Src/syscalls.o
 .debug_macro   0x0000000000000000       0x35 Src/syscalls.o
 .debug_macro   0x0000000000000000       0x10 Src/syscalls.o
 .debug_macro   0x0000000000000000       0x10 Src/syscalls.o
 .debug_macro   0x0000000000000000       0x10 Src/syscalls.o
 .debug_macro   0x0000000000000000       0x6a Src/syscalls.o
 .debug_macro   0x0000000000000000       0x1c Src/syscalls.o
 .debug_macro   0x0000000000000000       0x52 Src/syscalls.o
 .debug_macro   0x0000000000000000       0x40 Src/syscalls.o
 .debug_macro   0x0000000000000000       0x10 Src/syscalls.o
 .debug_macro   0x0000000000000000       0x40 Src/syscalls.o
 .debug_macro   0x0000000000000000       0xd7 Src/syscalls.o
 .debug_macro   0x0000000000000000       0x1c Src/syscalls.o
 .debug_macro   0x0000000000000000       0x3d Src/syscalls.o
 .debug_macro   0x0000000000000000       0x35 Src/syscalls.o
 .debug_macro   0x0000000000000000      0x122 Src/syscalls.o
 .debug_macro   0x0000000000000000       0x16 Src/syscalls.o
 .debug_macro   0x0000000000000000       0x16 Src/syscalls.o
 .debug_macro   0x0000000000000000       0x29 Src/syscalls.o
 .debug_macro   0x0000000000000000       0x10 Src/syscalls.o
 .debug_macro   0x0000000000000000      0x241 Src/syscalls.o
 .debug_macro   0x0000000000000000       0x1c Src/syscalls.o
 .debug_macro   0x0000000000000000       0x10 Src/syscalls.o
 .debug_macro   0x0000000000000000       0x10 Src/syscalls.o
 .debug_macro   0x0000000000000000       0x16 Src/syscalls.o
 .debug_macro   0x0000000000000000      0x145 Src/syscalls.o
 .debug_macro   0x0000000000000000      0x189 Src/syscalls.o
 .debug_macro   0x0000000000000000       0x16 Src/syscalls.o
 .debug_macro   0x0000000000000000       0x88 Src/syscalls.o
 .debug_line    0x0000000000000000      0x739 Src/syscalls.o
 .debug_str     0x0000000000000000     0x88a6 Src/syscalls.o
 .comment       0x0000000000000000       0x7c Src/syscalls.o
 .debug_frame   0x0000000000000000      0x2ac Src/syscalls.o
 .ARM.attributes
                0x0000000000000000       0x33 Src/syscalls.o
 .group         0x0000000000000000        0xc Src/sysmem.o
 .group         0x0000000000000000        0xc Src/sysmem.o
 .group         0x0000000000000000        0xc Src/sysmem.o
 .group         0x0000000000000000        0xc Src/sysmem.o
 .group         0x0000000000000000        0xc Src/sysmem.o
 .group         0x0000000000000000        0xc Src/sysmem.o
 .group         0x0000000000000000        0xc Src/sysmem.o
 .group         0x0000000000000000        0xc Src/sysmem.o
 .group         0x0000000000000000        0xc Src/sysmem.o
 .group         0x0000000000000000        0xc Src/sysmem.o
 .group         0x0000000000000000        0xc Src/sysmem.o
 .group         0x0000000000000000        0xc Src/sysmem.o
 .group         0x0000000000000000        0xc Src/sysmem.o
 .group         0x0000000000000000        0xc Src/sysmem.o
 .group         0x0000000000000000        0xc Src/sysmem.o
 .group         0x0000000000000000        0xc Src/sysmem.o
 .group         0x0000000000000000        0xc Src/sysmem.o
 .group         0x0000000000000000        0xc Src/sysmem.o
 .group         0x0000000000000000        0xc Src/sysmem.o
 .text          0x0000000000000000        0x0 Src/sysmem.o
 .data          0x0000000000000000        0x0 Src/sysmem.o
 .bss           0x0000000000000000        0x0 Src/sysmem.o
 .bss.__sbrk_heap_end
                0x0000000000000000        0x4 Src/sysmem.o
 .text._sbrk    0x0000000000000000       0x6c Src/sysmem.o
 .debug_info    0x0000000000000000      0xa7c Src/sysmem.o
 .debug_abbrev  0x0000000000000000      0x18e Src/sysmem.o
 .debug_loc     0x0000000000000000       0x50 Src/sysmem.o
 .debug_aranges
                0x0000000000000000       0x20 Src/sysmem.o
 .debug_ranges  0x0000000000000000       0x10 Src/sysmem.o
 .debug_macro   0x0000000000000000       0xee Src/sysmem.o
 .debug_macro   0x0000000000000000      0xa60 Src/sysmem.o
 .debug_macro   0x0000000000000000       0x10 Src/sysmem.o
 .debug_macro   0x0000000000000000       0x22 Src/sysmem.o
 .debug_macro   0x0000000000000000       0x40 Src/sysmem.o
 .debug_macro   0x0000000000000000       0x18 Src/sysmem.o
 .debug_macro   0x0000000000000000       0x94 Src/sysmem.o
 .debug_macro   0x0000000000000000       0x3c Src/sysmem.o
 .debug_macro   0x0000000000000000       0x34 Src/sysmem.o
 .debug_macro   0x0000000000000000      0x174 Src/sysmem.o
 .debug_macro   0x0000000000000000       0x57 Src/sysmem.o
 .debug_macro   0x0000000000000000       0x52 Src/sysmem.o
 .debug_macro   0x0000000000000000       0x1f Src/sysmem.o
 .debug_macro   0x0000000000000000       0x43 Src/sysmem.o
 .debug_macro   0x0000000000000000       0x20 Src/sysmem.o
 .debug_macro   0x0000000000000000      0x1a3 Src/sysmem.o
 .debug_macro   0x0000000000000000      0x23b Src/sysmem.o
 .debug_macro   0x0000000000000000       0xef Src/sysmem.o
 .debug_macro   0x0000000000000000       0x6a Src/sysmem.o
 .debug_macro   0x0000000000000000      0x1df Src/sysmem.o
 .debug_line    0x0000000000000000      0x4c2 Src/sysmem.o
 .debug_str     0x0000000000000000     0x5f74 Src/sysmem.o
 .comment       0x0000000000000000       0x7c Src/sysmem.o
 .debug_frame   0x0000000000000000       0x34 Src/sysmem.o
 .ARM.attributes
                0x0000000000000000       0x33 Src/sysmem.o
 .text          0x0000000000000000       0x14 Startup/startup_stm32f103c6tx.o
 .data          0x0000000000000000        0x0 Startup/startup_stm32f103c6tx.o
 .bss           0x0000000000000000        0x0 Startup/startup_stm32f103c6tx.o
 .text          0x0000000000000000        0x0 c:/st/stm32cubeide_1.4.0/stm32cubeide/plugins/com.st.stm32cube.ide.mcu.externaltools.gnu-tools-for-stm32.7-2018-q2-update.win32_1.4.0.202007081208/tools/bin/../lib/gcc/arm-none-eabi/7.3.1/../../../../arm-none-eabi/lib/thumb/v7-m\libc_nano.a(lib_a-errno.o)
 .data          0x0000000000000000        0x0 c:/st/stm32cubeide_1.4.0/stm32cubeide/plugins/com.st.stm32cube.ide.mcu.externaltools.gnu-tools-for-stm32.7-2018-q2-update.win32_1.4.0.202007081208/tools/bin/../lib/gcc/arm-none-eabi/7.3.1/../../../../arm-none-eabi/lib/thumb/v7-m\libc_nano.a(lib_a-errno.o)
 .bss           0x0000000000000000        0x0 c:/st/stm32cubeide_1.4.0/stm32cubeide/plugins/com.st.stm32cube.ide.mcu.externaltools.gnu-tools-for-stm32.7-2018-q2-update.win32_1.4.0.202007081208/tools/bin/../lib/gcc/arm-none-eabi/7.3.1/../../../../arm-none-eabi/lib/thumb/v7-m\libc_nano.a(lib_a-errno.o)
 .text.__errno  0x0000000000000000        0xc c:/st/stm32cubeide_1.4.0/stm32cubeide/plugins/com.st.stm32cube.ide.mcu.externaltools.gnu-tools-for-stm32.7-2018-q2-update.win32_1.4.0.202007081208/tools/bin/../lib/gcc/arm-none-eabi/7.3.1/../../../../arm-none-eabi/lib/thumb/v7-m\libc_nano.a(lib_a-errno.o)
 .debug_frame   0x0000000000000000       0x20 c:/st/stm32cubeide_1.4.0/stm32cubeide/plugins/com.st.stm32cube.ide.mcu.externaltools.gnu-tools-for-stm32.7-2018-q2-update.win32_1.4.0.202007081208/tools/bin/../lib/gcc/arm-none-eabi/7.3.1/../../../../arm-none-eabi/lib/thumb/v7-m\libc_nano.a(lib_a-errno.o)
 .ARM.attributes
                0x0000000000000000       0x2d c:/st/stm32cubeide_1.4.0/stm32cubeide/plugins/com.st.stm32cube.ide.mcu.externaltools.gnu-tools-for-stm32.7-2018-q2-update.win32_1.4.0.202007081208/tools/bin/../lib/gcc/arm-none-eabi/7.3.1/../../../../arm-none-eabi/lib/thumb/v7-m\libc_nano.a(lib_a-errno.o)
 .text          0x0000000000000000        0x0 c:/st/stm32cubeide_1.4.0/stm32cubeide/plugins/com.st.stm32cube.ide.mcu.externaltools.gnu-tools-for-stm32.7-2018-q2-update.win32_1.4.0.202007081208/tools/bin/../lib/gcc/arm-none-eabi/7.3.1/../../../../arm-none-eabi/lib/thumb/v7-m\libc_nano.a(lib_a-exit.o)
 .data          0x0000000000000000        0x0 c:/st/stm32cubeide_1.4.0/stm32cubeide/plugins/com.st.stm32cube.ide.mcu.externaltools.gnu-tools-for-stm32.7-2018-q2-update.win32_1.4.0.202007081208/tools/bin/../lib/gcc/arm-none-eabi/7.3.1/../../../../arm-none-eabi/lib/thumb/v7-m\libc_nano.a(lib_a-exit.o)
 .bss           0x0000000000000000        0x0 c:/st/stm32cubeide_1.4.0/stm32cubeide/plugins/com.st.stm32cube.ide.mcu.externaltools.gnu-tools-for-stm32.7-2018-q2-update.win32_1.4.0.202007081208/tools/bin/../lib/gcc/arm-none-eabi/7.3.1/../../../../arm-none-eabi/lib/thumb/v7-m\libc_nano.a(lib_a-exit.o)
 .text.exit     0x0000000000000000       0x28 c:/st/stm32cubeide_1.4.0/stm32cubeide/plugins/com.st.stm32cube.ide.mcu.externaltools.gnu-tools-for-stm32.7-2018-q2-update.win32_1.4.0.202007081208/tools/bin/../lib/gcc/arm-none-eabi/7.3.1/../../../../arm-none-eabi/lib/thumb/v7-m\libc_nano.a(lib_a-exit.o)
 .debug_frame   0x0000000000000000       0x28 c:/st/stm32cubeide_1.4.0/stm32cubeide/plugins/com.st.stm32cube.ide.mcu.externaltools.gnu-tools-for-stm32.7-2018-q2-update.win32_1.4.0.202007081208/tools/bin/../lib/gcc/arm-none-eabi/7.3.1/../../../../arm-none-eabi/lib/thumb/v7-m\libc_nano.a(lib_a-exit.o)
 .ARM.attributes
                0x0000000000000000       0x2d c:/st/stm32cubeide_1.4.0/stm32cubeide/plugins/com.st.stm32cube.ide.mcu.externaltools.gnu-tools-for-stm32.7-2018-q2-update.win32_1.4.0.202007081208/tools/bin/../lib/gcc/arm-none-eabi/7.3.1/../../../../arm-none-eabi/lib/thumb/v7-m\libc_nano.a(lib_a-exit.o)
 .text          0x0000000000000000        0x0 c:/st/stm32cubeide_1.4.0/stm32cubeide/plugins/com.st.stm32cube.ide.mcu.externaltools.gnu-tools-for-stm32.7-2018-q2-update.win32_1.4.0.202007081208/tools/bin/../lib/gcc/arm-none-eabi/7.3.1/../../../../arm-none-eabi/lib/thumb/v7-m\libc_nano.a(lib_a-impure.o)
 .data          0x0000000000000000        0x0 c:/st/stm32cubeide_1.4.0/stm32cubeide/plugins/com.st.stm32cube.ide.mcu.externaltools.gnu-tools-for-stm32.7-2018-q2-update.win32_1.4.0.202007081208/tools/bin/../lib/gcc/arm-none-eabi/7.3.1/../../../../arm-none-eabi/lib/thumb/v7-m\libc_nano.a(lib_a-impure.o)
 .bss           0x0000000000000000        0x0 c:/st/stm32cubeide_1.4.0/stm32cubeide/plugins/com.st.stm32cube.ide.mcu.externaltools.gnu-tools-for-stm32.7-2018-q2-update.win32_1.4.0.202007081208/tools/bin/../lib/gcc/arm-none-eabi/7.3.1/../../../../arm-none-eabi/lib/thumb/v7-m\libc_nano.a(lib_a-impure.o)
 .data._impure_ptr
                0x0000000000000000        0x4 c:/st/stm32cubeide_1.4.0/stm32cubeide/plugins/com.st.stm32cube.ide.mcu.externaltools.gnu-tools-for-stm32.7-2018-q2-update.win32_1.4.0.202007081208/tools/bin/../lib/gcc/arm-none-eabi/7.3.1/../../../../arm-none-eabi/lib/thumb/v7-m\libc_nano.a(lib_a-impure.o)
 .data.impure_data
                0x0000000000000000       0x60 c:/st/stm32cubeide_1.4.0/stm32cubeide/plugins/com.st.stm32cube.ide.mcu.externaltools.gnu-tools-for-stm32.7-2018-q2-update.win32_1.4.0.202007081208/tools/bin/../lib/gcc/arm-none-eabi/7.3.1/../../../../arm-none-eabi/lib/thumb/v7-m\libc_nano.a(lib_a-impure.o)
 .rodata._global_impure_ptr
                0x0000000000000000        0x4 c:/st/stm32cubeide_1.4.0/stm32cubeide/plugins/com.st.stm32cube.ide.mcu.externaltools.gnu-tools-for-stm32.7-2018-q2-update.win32_1.4.0.202007081208/tools/bin/../lib/gcc/arm-none-eabi/7.3.1/../../../../arm-none-eabi/lib/thumb/v7-m\libc_nano.a(lib_a-impure.o)
 .ARM.attributes
                0x0000000000000000       0x2d c:/st/stm32cubeide_1.4.0/stm32cubeide/plugins/com.st.stm32cube.ide.mcu.externaltools.gnu-tools-for-stm32.7-2018-q2-update.win32_1.4.0.202007081208/tools/bin/../lib/gcc/arm-none-eabi/7.3.1/../../../../arm-none-eabi/lib/thumb/v7-m\libc_nano.a(lib_a-impure.o)
 .text          0x0000000000000000        0x0 c:/st/stm32cubeide_1.4.0/stm32cubeide/plugins/com.st.stm32cube.ide.mcu.externaltools.gnu-tools-for-stm32.7-2018-q2-update.win32_1.4.0.202007081208/tools/bin/../lib/gcc/arm-none-eabi/7.3.1/../../../../arm-none-eabi/lib/thumb/v7-m\libc_nano.a(lib_a-init.o)
 .data          0x0000000000000000        0x0 c:/st/stm32cubeide_1.4.0/stm32cubeide/plugins/com.st.stm32cube.ide.mcu.externaltools.gnu-tools-for-stm32.7-2018-q2-update.win32_1.4.0.202007081208/tools/bin/../lib/gcc/arm-none-eabi/7.3.1/../../../../arm-none-eabi/lib/thumb/v7-m\libc_nano.a(lib_a-init.o)
 .bss           0x0000000000000000        0x0 c:/st/stm32cubeide_1.4.0/stm32cubeide/plugins/com.st.stm32cube.ide.mcu.externaltools.gnu-tools-for-stm32.7-2018-q2-update.win32_1.4.0.202007081208/tools/bin/../lib/gcc/arm-none-eabi/7.3.1/../../../../arm-none-eabi/lib/thumb/v7-m\libc_nano.a(lib_a-init.o)
 .text          0x0000000000000000        0x0 c:/st/stm32cubeide_1.4.0/stm32cubeide/plugins/com.st.stm32cube.ide.mcu.externaltools.gnu-tools-for-stm32.7-2018-q2-update.win32_1.4.0.202007081208/tools/bin/../lib/gcc/arm-none-eabi/7.3.1/../../../../arm-none-eabi/lib/thumb/v7-m\libc_nano.a(lib_a-memset.o)
 .data          0x0000000000000000        0x0 c:/st/stm32cubeide_1.4.0/stm32cubeide/plugins/com.st.stm32cube.ide.mcu.externaltools.gnu-tools-for-stm32.7-2018-q2-update.win32_1.4.0.202007081208/tools/bin/../lib/gcc/arm-none-eabi/7.3.1/../../../../arm-none-eabi/lib/thumb/v7-m\libc_nano.a(lib_a-memset.o)
 .bss           0x0000000000000000        0x0 c:/st/stm32cubeide_1.4.0/stm32cubeide/plugins/com.st.stm32cube.ide.mcu.externaltools.gnu-tools-for-stm32.7-2018-q2-update.win32_1.4.0.202007081208/tools/bin/../lib/gcc/arm-none-eabi/7.3.1/../../../../arm-none-eabi/lib/thumb/v7-m\libc_nano.a(lib_a-memset.o)
 .text.memset   0x0000000000000000       0x10 c:/st/stm32cubeide_1.4.0/stm32cubeide/plugins/com.st.stm32cube.ide.mcu.externaltools.gnu-tools-for-stm32.7-2018-q2-update.win32_1.4.0.202007081208/tools/bin/../lib/gcc/arm-none-eabi/7.3.1/../../../../arm-none-eabi/lib/thumb/v7-m\libc_nano.a(lib_a-memset.o)
 .debug_frame   0x0000000000000000       0x20 c:/st/stm32cubeide_1.4.0/stm32cubeide/plugins/com.st.stm32cube.ide.mcu.externaltools.gnu-tools-for-stm32.7-2018-q2-update.win32_1.4.0.202007081208/tools/bin/../lib/gcc/arm-none-eabi/7.3.1/../../../../arm-none-eabi/lib/thumb/v7-m\libc_nano.a(lib_a-memset.o)
 .ARM.attributes
                0x0000000000000000       0x2d c:/st/stm32cubeide_1.4.0/stm32cubeide/plugins/com.st.stm32cube.ide.mcu.externaltools.gnu-tools-for-stm32.7-2018-q2-update.win32_1.4.0.202007081208/tools/bin/../lib/gcc/arm-none-eabi/7.3.1/../../../../arm-none-eabi/lib/thumb/v7-m\libc_nano.a(lib_a-memset.o)
 .text          0x0000000000000000        0x0 c:/st/stm32cubeide_1.4.0/stm32cubeide/plugins/com.st.stm32cube.ide.mcu.externaltools.gnu-tools-for-stm32.7-2018-q2-update.win32_1.4.0.202007081208/tools/bin/../lib/gcc/arm-none-eabi/7.3.1/thumb/v7-m/crtend.o
 .data          0x0000000000000000        0x0 c:/st/stm32cubeide_1.4.0/stm32cubeide/plugins/com.st.stm32cube.ide.mcu.externaltools.gnu-tools-for-stm32.7-2018-q2-update.win32_1.4.0.202007081208/tools/bin/../lib/gcc/arm-none-eabi/7.3.1/thumb/v7-m/crtend.o
 .bss           0x0000000000000000        0x0 c:/st/stm32cubeide_1.4.0/stm32cubeide/plugins/com.st.stm32cube.ide.mcu.externaltools.gnu-tools-for-stm32.7-2018-q2-update.win32_1.4.0.202007081208/tools/bin/../lib/gcc/arm-none-eabi/7.3.1/thumb/v7-m/crtend.o
 .eh_frame      0x0000000000000000        0x4 c:/st/stm32cubeide_1.4.0/stm32cubeide/plugins/com.st.stm32cube.ide.mcu.externaltools.gnu-tools-for-stm32.7-2018-q2-update.win32_1.4.0.202007081208/tools/bin/../lib/gcc/arm-none-eabi/7.3.1/thumb/v7-m/crtend.o
 .ARM.attributes
                0x0000000000000000       0x2d c:/st/stm32cubeide_1.4.0/stm32cubeide/plugins/com.st.stm32cube.ide.mcu.externaltools.gnu-tools-for-stm32.7-2018-q2-update.win32_1.4.0.202007081208/tools/bin/../lib/gcc/arm-none-eabi/7.3.1/thumb/v7-m/crtend.o
 .text          0x0000000000000000        0x0 c:/st/stm32cubeide_1.4.0/stm32cubeide/plugins/com.st.stm32cube.ide.mcu.externaltools.gnu-tools-for-stm32.7-2018-q2-update.win32_1.4.0.202007081208/tools/bin/../lib/gcc/arm-none-eabi/7.3.1/thumb/v7-m/crtn.o
 .data          0x0000000000000000        0x0 c:/st/stm32cubeide_1.4.0/stm32cubeide/plugins/com.st.stm32cube.ide.mcu.externaltools.gnu-tools-for-stm32.7-2018-q2-update.win32_1.4.0.202007081208/tools/bin/../lib/gcc/arm-none-eabi/7.3.1/thumb/v7-m/crtn.o
 .bss           0x0000000000000000        0x0 c:/st/stm32cubeide_1.4.0/stm32cubeide/plugins/com.st.stm32cube.ide.mcu.externaltools.gnu-tools-for-stm32.7-2018-q2-update.win32_1.4.0.202007081208/tools/bin/../lib/gcc/arm-none-eabi/7.3.1/thumb/v7-m/crtn.o

Memory Configuration

Name             Origin             Length             Attributes
RAM              0x0000000020000000 0x0000000000002800 xrw
ROM              0x0000000008000000 0x0000000000008000 xr
*default*        0x0000000000000000 0xffffffffffffffff

Linker script and memory map

LOAD c:/st/stm32cubeide_1.4.0/stm32cubeide/plugins/com.st.stm32cube.ide.mcu.externaltools.gnu-tools-for-stm32.7-2018-q2-update.win32_1.4.0.202007081208/tools/bin/../lib/gcc/arm-none-eabi/7.3.1/thumb/v7-m/crti.o
LOAD c:/st/stm32cubeide_1.4.0/stm32cubeide/plugins/com.st.stm32cube.ide.mcu.externaltools.gnu-tools-for-stm32.7-2018-q2-update.win32_1.4.0.202007081208/tools/bin/../lib/gcc/arm-none-eabi/7.3.1/thumb/v7-m/crtbegin.o
LOAD c:/st/stm32cubeide_1.4.0/stm32cubeide/plugins/com.st.stm32cube.ide.mcu.externaltools.gnu-tools-for-stm32.7-2018-q2-update.win32_1.4.0.202007081208/tools/bin/../lib/gcc/arm-none-eabi/7.3.1/../../../../arm-none-eabi/lib/thumb/v7-m/crt0.o
LOAD Mahmoud_RTOS/CortexMX_OS_Porting.o
LOAD Mahmoud_RTOS/fifo.o
LOAD Mahmoud_RTOS/schedular.o
LOAD Src/main.o
LOAD Src/syscalls.o
LOAD Src/sysmem.o
LOAD Startup/startup_stm32f103c6tx.o
START GROUP
LOAD c:/st/stm32cubeide_1.4.0/stm32cubeide/plugins/com.st.stm32cube.ide.mcu.externaltools.gnu-tools-for-stm32.7-2018-q2-update.win32_1.4.0.202007081208/tools/bin/../lib/gcc/arm-none-eabi/7.3.1/../../../../arm-none-eabi/lib/thumb/v7-m\libc_nano.a
LOAD c:/st/stm32cubeide_1.4.0/stm32cubeide/plugins/com.st.stm32cube.ide.mcu.externaltools.gnu-tools-for-stm32.7-2018-q2-update.win32_1.4.0.202007081208/tools/bin/../lib/gcc/arm-none-eabi/7.3.1/../../../../arm-none-eabi/lib/thumb/v7-m\libm.a
END GROUP
START GROUP
LOAD c:/st/stm32cubeide_1.4.0/stm32cubeide/plugins/com.st.stm32cube.ide.mcu.externaltools.gnu-tools-for-stm32.7-2018-q2-update.win32_1.4.0.202007081208/tools/bin/../lib/gcc/arm-none-eabi/7.3.1/thumb/v7-m\libgcc.a
LOAD c:/st/stm32cubeide_1.4.0/stm32cubeide/plugins/com.st.stm32cube.ide.mcu.externaltools.gnu-tools-for-stm32.7-2018-q2-update.win32_1.4.0.202007081208/tools/bin/../lib/gcc/arm-none-eabi/7.3.1/../../../../arm-none-eabi/lib/thumb/v7-m\libc_nano.a
END GROUP
START GROUP
LOAD c:/st/stm32cubeide_1.4.0/stm32cubeide/plugins/com.st.stm32cube.ide.mcu.externaltools.gnu-tools-for-stm32.7-2018-q2-update.win32_1.4.0.202007081208/tools/bin/../lib/gcc/arm-none-eabi/7.3.1/thumb/v7-m\libgcc.a
LOAD c:/st/stm32cubeide_1.4.0/stm32cubeide/plugins/com.st.stm32cube.ide.mcu.externaltools.gnu-tools-for-stm32.7-2018-q2-update.win32_1.4.0.202007081208/tools/bin/../lib/gcc/arm-none-eabi/7.3.1/../../../../arm-none-eabi/lib/thumb/v7-m\libc_nano.a
LOAD c:/st/stm32cubeide_1.4.0/stm32cubeide/plugins/com.st.stm32cube.ide.mcu.externaltools.gnu-tools-for-stm32.7-2018-q2-update.win32_1.4.0.202007081208/tools/bin/../lib/gcc/arm-none-eabi/7.3.1/../../../../arm-none-eabi/lib/thumb/v7-m\libnosys.a
END GROUP
START GROUP
LOAD c:/st/stm32cubeide_1.4.0/stm32cubeide/plugins/com.st.stm32cube.ide.mcu.externaltools.gnu-tools-for-stm32.7-2018-q2-update.win32_1.4.0.202007081208/tools/bin/../lib/gcc/arm-none-eabi/7.3.1/thumb/v7-m\libgcc.a
LOAD c:/st/stm32cubeide_1.4.0/stm32cubeide/plugins/com.st.stm32cube.ide.mcu.externaltools.gnu-tools-for-stm32.7-2018-q2-update.win32_1.4.0.202007081208/tools/bin/../lib/gcc/arm-none-eabi/7.3.1/../../../../arm-none-eabi/lib/thumb/v7-m\libc_nano.a
LOAD c:/st/stm32cubeide_1.4.0/stm32cubeide/plugins/com.st.stm32cube.ide.mcu.externaltools.gnu-tools-for-stm32.7-2018-q2-update.win32_1.4.0.202007081208/tools/bin/../lib/gcc/arm-none-eabi/7.3.1/../../../../arm-none-eabi/lib/thumb/v7-m\libnosys.a
END GROUP
LOAD c:/st/stm32cubeide_1.4.0/stm32cubeide/plugins/com.st.stm32cube.ide.mcu.externaltools.gnu-tools-for-stm32.7-2018-q2-update.win32_1.4.0.202007081208/tools/bin/../lib/gcc/arm-none-eabi/7.3.1/thumb/v7-m/crtend.o
LOAD c:/st/stm32cubeide_1.4.0/stm32cubeide/plugins/com.st.stm32cube.ide.mcu.externaltools.gnu-tools-for-stm32.7-2018-q2-update.win32_1.4.0.202007081208/tools/bin/../lib/gcc/arm-none-eabi/7.3.1/thumb/v7-m/crtn.o
                0x0000000020002800                _estack = (ORIGIN (RAM) + LENGTH (RAM))
                0x0000000000000200                _Min_Heap_Size = 0x200
                0x0000000000000400                _Min_Stack_Size = 0x400

.isr_vector     0x0000000008000000      0x130
                0x0000000008000000                . = ALIGN (0x4)
 *(.isr_vector)
 .isr_vector    0x0000000008000000      0x130 Startup/startup_stm32f103c6tx.o
                0x0000000008000000                g_pfnVectors
                0x0000000008000130                . = ALIGN (0x4)

.text           0x0000000008000130      0x3b0
                0x0000000008000130                . = ALIGN (0x4)
 *(.text)
 .text          0x0000000008000130       0x40 c:/st/stm32cubeide_1.4.0/stm32cubeide/plugins/com.st.stm32cube.ide.mcu.externaltools.gnu-tools-for-stm32.7-2018-q2-update.win32_1.4.0.202007081208/tools/bin/../lib/gcc/arm-none-eabi/7.3.1/thumb/v7-m/crtbegin.o
 *(.text*)
 .text.HardFault_Handler
                0x0000000008000170        0x6 Mahmoud_RTOS/CortexMX_OS_Porting.o
                0x0000000008000170                HardFault_Handler
 .text.MemManage_Handler
                0x0000000008000176        0x6 Mahmoud_RTOS/CortexMX_OS_Porting.o
                0x0000000008000176                MemManage_Handler
 .text.BusFault_Handler
                0x000000000800017c        0x6 Mahmoud_RTOS/CortexMX_OS_Porting.o
                0x000000000800017c                BusFault_Handler
 .text.UsageFault_Handler
                0x0000000008000182        0x6 Mahmoud_RTOS/CortexMX_OS_Porting.o
                0x0000000008000182                UsageFault_Handler
 .text.PendSV_Handler
                0x0000000008000188        0xc Mahmoud_RTOS/CortexMX_OS_Porting.o
                0x0000000008000188                PendSV_Handler
 .text.SVC_Handler
                0x0000000008000194       0x14 Mahmoud_RTOS/CortexMX_OS_Porting.o
                0x0000000008000194                SVC_Handler
 .text.fifo_init_F
                0x00000000080001a8       0x36 Mahmoud_RTOS/fifo.o
                0x00000000080001a8                fifo_init_F
 .text.OS_SVC   0x00000000080001de       0x2a Mahmoud_RTOS/schedular.o
                0x00000000080001de                OS_SVC
 .text.Mahmoud_RTOS_Create_main_stack
                0x0000000008000208       0x48 Mahmoud_RTOS/schedular.o
                0x0000000008000208                Mahmoud_RTOS_Create_main_stack
 .text.Mahmoud_RTOS_init
                0x0000000008000250       0x74 Mahmoud_RTOS/schedular.o
                0x0000000008000250                Mahmoud_RTOS_init
 .text.MAHMOUD_RTOS_IDLE_TASK
                0x00000000080002c4        0x8 Mahmoud_RTOS/schedular.o
                0x00000000080002c4                MAHMOUD_RTOS_IDLE_TASK
 .text.Mahmoud_RTOS_create_stack
                0x00000000080002cc       0x7e Mahmoud_RTOS/schedular.o
                0x00000000080002cc                Mahmoud_RTOS_create_stack
 *fill*         0x000000000800034a        0x2 
 .text.Mahmoud_RTOS_create_task
                0x000000000800034c       0x58 Mahmoud_RTOS/schedular.o
                0x000000000800034c                Mahmoud_RTOS_create_task
 .text.task1_r  0x00000000080003a4        0x6 Src/main.o
                0x00000000080003a4                task1_r
 .text.task2_r  0x00000000080003aa        0x6 Src/main.o
                0x00000000080003aa                task2_r
 .text.main     0x00000000080003b0       0x7c Src/main.o
                0x00000000080003b0                main
 .text.Reset_Handler
                0x000000000800042c       0x50 Startup/startup_stm32f103c6tx.o
                0x000000000800042c                Reset_Handler
 .text.Default_Handler
                0x000000000800047c        0x2 Startup/startup_stm32f103c6tx.o
                0x000000000800047c                EXTI2_IRQHandler
                0x000000000800047c                TIM8_TRG_COM_IRQHandler
                0x000000000800047c                TIM8_CC_IRQHandler
                0x000000000800047c                DebugMon_Handler
                0x000000000800047c                TIM1_CC_IRQHandler
                0x000000000800047c                TIM6_IRQHandler
                0x000000000800047c                SysTick_Handler
                0x000000000800047c                PVD_IRQHandler
                0x000000000800047c                SDIO_IRQHandler
                0x000000000800047c                NMI_Handler
                0x000000000800047c                EXTI3_IRQHandler
                0x000000000800047c                USB_HP_CAN_TX_IRQHandler
                0x000000000800047c                EXTI0_IRQHandler
                0x000000000800047c                I2C2_EV_IRQHandler
                0x000000000800047c                ADC1_2_IRQHandler
                0x000000000800047c                SPI1_IRQHandler
                0x000000000800047c                CAN_SCE_IRQHandler
                0x000000000800047c                TAMPER_IRQHandler
                0x000000000800047c                TIM8_UP_IRQHandler
                0x000000000800047c                DMA2_Channel2_IRQHandler
                0x000000000800047c                DMA1_Channel4_IRQHandler
                0x000000000800047c                USART3_IRQHandler
                0x000000000800047c                RTC_IRQHandler
                0x000000000800047c                DMA1_Channel7_IRQHandler
                0x000000000800047c                UART5_IRQHandler
                0x000000000800047c                ADC3_IRQHandler
                0x000000000800047c                TIM4_IRQHandler
                0x000000000800047c                CAN_RX1_IRQHandler
                0x000000000800047c                DMA2_Channel1_IRQHandler
                0x000000000800047c                I2C1_EV_IRQHandler
                0x000000000800047c                DMA1_Channel6_IRQHandler
                0x000000000800047c                UART4_IRQHandler
                0x000000000800047c                TIM3_IRQHandler
                0x000000000800047c                RCC_IRQHandler
                0x000000000800047c                TIM1_TRG_COM_IRQHandler
                0x000000000800047c                DMA1_Channel1_IRQHandler
                0x000000000800047c                Default_Handler
                0x000000000800047c                EXTI15_10_IRQHandler
                0x000000000800047c                TIM7_IRQHandler
                0x000000000800047c                TIM5_IRQHandler
                0x000000000800047c                EXTI9_5_IRQHandler
                0x000000000800047c                SPI2_IRQHandler
                0x000000000800047c                USB_LP_CAN_RX0_IRQHandler
                0x000000000800047c                DMA1_Channel5_IRQHandler
                0x000000000800047c                EXTI4_IRQHandler
                0x000000000800047c                DMA1_Channel3_IRQHandler
                0x000000000800047c                FSMC_IRQHandler
                0x000000000800047c                TIM1_UP_IRQHandler
                0x000000000800047c                WWDG_IRQHandler
                0x000000000800047c                TIM2_IRQHandler
                0x000000000800047c                TIM1_BRK_IRQHandler
                0x000000000800047c                EXTI1_IRQHandler
                0x000000000800047c                RTCAlarm_IRQHandler
                0x000000000800047c                DMA2_Channel4_5_IRQHandler
                0x000000000800047c                USART2_IRQHandler
                0x000000000800047c                I2C2_ER_IRQHandler
                0x000000000800047c                DMA1_Channel2_IRQHandler
                0x000000000800047c                TIM8_BRK_IRQHandler
                0x000000000800047c                FLASH_IRQHandler
                0x000000000800047c                USART1_IRQHandler
                0x000000000800047c                SPI3_IRQHandler
                0x000000000800047c                I2C1_ER_IRQHandler
                0x000000000800047c                DMA2_Channel3_IRQHandler
 *fill*         0x000000000800047e        0x2 
 .text.__libc_init_array
                0x0000000008000480       0x48 c:/st/stm32cubeide_1.4.0/stm32cubeide/plugins/com.st.stm32cube.ide.mcu.externaltools.gnu-tools-for-stm32.7-2018-q2-update.win32_1.4.0.202007081208/tools/bin/../lib/gcc/arm-none-eabi/7.3.1/../../../../arm-none-eabi/lib/thumb/v7-m\libc_nano.a(lib_a-init.o)
                0x0000000008000480                __libc_init_array
 *(.glue_7)
 .glue_7        0x00000000080004c8        0x0 linker stubs
 *(.glue_7t)
 .glue_7t       0x00000000080004c8        0x0 linker stubs
 *(.eh_frame)
 .eh_frame      0x00000000080004c8        0x0 c:/st/stm32cubeide_1.4.0/stm32cubeide/plugins/com.st.stm32cube.ide.mcu.externaltools.gnu-tools-for-stm32.7-2018-q2-update.win32_1.4.0.202007081208/tools/bin/../lib/gcc/arm-none-eabi/7.3.1/thumb/v7-m/crtbegin.o
 *(.init)
 .init          0x00000000080004c8        0x4 c:/st/stm32cubeide_1.4.0/stm32cubeide/plugins/com.st.stm32cube.ide.mcu.externaltools.gnu-tools-for-stm32.7-2018-q2-update.win32_1.4.0.202007081208/tools/bin/../lib/gcc/arm-none-eabi/7.3.1/thumb/v7-m/crti.o
                0x00000000080004c8                _init
 .init          0x00000000080004cc        0x8 c:/st/stm32cubeide_1.4.0/stm32cubeide/plugins/com.st.stm32cube.ide.mcu.externaltools.gnu-tools-for-stm32.7-2018-q2-update.win32_1.4.0.202007081208/tools/bin/../lib/gcc/arm-none-eabi/7.3.1/thumb/v7-m/crtn.o
 *(.fini)
 .fini          0x00000000080004d4        0x4 c:/st/stm32cubeide_1.4.0/stm32cubeide/plugins/com.st.stm32cube.ide.mcu.externaltools.gnu-tools-for-stm32.7-2018-q2-update.win32_1.4.0.202007081208/tools/bin/../lib/gcc/arm-none-eabi/7.3.1/thumb/v7-m/crti.o
                0x00000000080004d4                _fini
 .fini          0x00000000080004d8        0x8 c:/st/stm32cubeide_1.4.0/stm32cubeide/plugins/com.st.stm32cube.ide.mcu.externaltools.gnu-tools-for-stm32.7-2018-q2-update.win32_1.4.0.202007081208/tools/bin/../lib/gcc/arm-none-eabi/7.3.1/thumb/v7-m/crtn.o
                0x00000000080004e0                . = ALIGN (0x4)
                0x00000000080004e0                _etext = .

.vfp11_veneer   0x00000000080004e0        0x0
 .vfp11_veneer  0x00000000080004e0        0x0 linker stubs

.v4_bx          0x00000000080004e0        0x0
 .v4_bx         0x00000000080004e0        0x0 linker stubs

.iplt           0x00000000080004e0        0x0
 .iplt          0x00000000080004e0        0x0 c:/st/stm32cubeide_1.4.0/stm32cubeide/plugins/com.st.stm32cube.ide.mcu.externaltools.gnu-tools-for-stm32.7-2018-q2-update.win32_1.4.0.202007081208/tools/bin/../lib/gcc/arm-none-eabi/7.3.1/thumb/v7-m/crtbegin.o

.rodata         0x00000000080004e0       0x1c
                0x00000000080004e0                . = ALIGN (0x4)
 *(.rodata)
 .rodata        0x00000000080004e0        0xa Mahmoud_RTOS/schedular.o
 *fill*         0x00000000080004ea        0x2 
 .rodata        0x00000000080004ec        0xe Src/main.o
 *(.rodata*)
                0x00000000080004fc                . = ALIGN (0x4)
 *fill*         0x00000000080004fa        0x2 

.rel.dyn        0x00000000080004fc        0x0
 .rel.iplt      0x00000000080004fc        0x0 c:/st/stm32cubeide_1.4.0/stm32cubeide/plugins/com.st.stm32cube.ide.mcu.externaltools.gnu-tools-for-stm32.7-2018-q2-update.win32_1.4.0.202007081208/tools/bin/../lib/gcc/arm-none-eabi/7.3.1/thumb/v7-m/crtbegin.o

.ARM.extab      0x00000000080004fc        0x0
                0x00000000080004fc                . = ALIGN (0x4)
 *(.ARM.extab* .gnu.linkonce.armextab.*)
                0x00000000080004fc                . = ALIGN (0x4)

.ARM            0x00000000080004fc        0x0
                0x00000000080004fc                . = ALIGN (0x4)
                0x00000000080004fc                __exidx_start = .
 *(.ARM.exidx*)
                0x00000000080004fc                __exidx_end = .
                0x00000000080004fc                . = ALIGN (0x4)

.preinit_array  0x00000000080004fc        0x0
                0x00000000080004fc                . = ALIGN (0x4)
                0x00000000080004fc                PROVIDE (__preinit_array_start = .)
 *(.preinit_array*)
                0x00000000080004fc                PROVIDE (__preinit_array_end = .)
                0x00000000080004fc                . = ALIGN (0x4)

.init_array     0x00000000080004fc        0x4
                0x00000000080004fc                . = ALIGN (0x4)
                0x00000000080004fc                PROVIDE (__init_array_start = .)
 *(SORT_BY_NAME(.init_array.*))
 *(.init_array*)
 .init_array    0x00000000080004fc        0x4 c:/st/stm32cubeide_1.4.0/stm32cubeide/plugins/com.st.stm32cube.ide.mcu.externaltools.gnu-tools-for-stm32.7-2018-q2-update.win32_1.4.0.202007081208/tools/bin/../lib/gcc/arm-none-eabi/7.3.1/thumb/v7-m/crtbegin.o
                0x0000000008000500                PROVIDE (__init_array_end = .)
                0x0000000008000500                . = ALIGN (0x4)

.fini_array     0x0000000008000500        0x4
                0x0000000008000500                . = ALIGN (0x4)
                [!provide]                        PROVIDE (__fini_array_start = .)
 *(SORT_BY_NAME(.fini_array.*))
 *(.fini_array*)
 .fini_array    0x0000000008000500        0x4 c:/st/stm32cubeide_1.4.0/stm32cubeide/plugins/com.st.stm32cube.ide.mcu.externaltools.gnu-tools-for-stm32.7-2018-q2-update.win32_1.4.0.202007081208/tools/bin/../lib/gcc/arm-none-eabi/7.3.1/thumb/v7-m/crtbegin.o
                [!provide]                        PROVIDE (__fini_array_end = .)
                0x0000000008000504                . = ALIGN (0x4)
                0x0000000008000504                _sidata = LOADADDR (.data)

.data           0x0000000020000000        0x0 load address 0x0000000008000504
                0x0000000020000000                . = ALIGN (0x4)
                0x0000000020000000                _sdata = .
 *(.data)
 *(.data*)
                0x0000000020000000                . = ALIGN (0x4)
                0x0000000020000000                _edata = .

.igot.plt       0x0000000020000000        0x0 load address 0x0000000008000504
 .igot.plt      0x0000000020000000        0x0 c:/st/stm32cubeide_1.4.0/stm32cubeide/plugins/com.st.stm32cube.ide.mcu.externaltools.gnu-tools-for-stm32.7-2018-q2-update.win32_1.4.0.202007081208/tools/bin/../lib/gcc/arm-none-eabi/7.3.1/thumb/v7-m/crtbegin.o
                0x0000000020000000                . = ALIGN (0x4)

.bss            0x0000000020000000      0x3fc load address 0x0000000008000504
                0x0000000020000000                _sbss = .
                0x0000000020000000                __bss_start__ = _sbss
 *(.bss)
 .bss           0x0000000020000000       0x1c c:/st/stm32cubeide_1.4.0/stm32cubeide/plugins/com.st.stm32cube.ide.mcu.externaltools.gnu-tools-for-stm32.7-2018-q2-update.win32_1.4.0.202007081208/tools/bin/../lib/gcc/arm-none-eabi/7.3.1/thumb/v7-m/crtbegin.o
 *(.bss*)
 *(COMMON)
 COMMON         0x000000002000001c      0x358 Mahmoud_RTOS/schedular.o
                0x000000002000001c                Schedular_ready_queue
                0x00000000200001ac                OS_Control
                0x000000002000035c                Schedular_ready_queue_Status
                0x0000000020000370                M_RTOS_Idle_task
 COMMON         0x0000000020000374       0x88 Src/main.o
                0x0000000020000374                task1
                0x00000000200003b8                task2
                0x00000000200003fc                . = ALIGN (0x4)
                0x00000000200003fc                _ebss = .
                0x00000000200003fc                __bss_end__ = _ebss

._user_heap_stack
                0x00000000200003fc      0x604 load address 0x0000000008000504
                0x0000000020000400                . = ALIGN (0x8)
 *fill*         0x00000000200003fc        0x4 
                [!provide]                        PROVIDE (end = .)
                0x0000000020000400                PROVIDE (_end = .)
                0x0000000020000600                . = (. + _Min_Heap_Size)
 *fill*         0x0000000020000400      0x200 
                0x0000000020000a00                . = (. + _Min_Stack_Size)
 *fill*         0x0000000020000600      0x400 
                0x0000000020000a00                . = ALIGN (0x8)
                0x0000000020000a00                _eheap = .

/DISCARD/
 libc.a(*)
 libm.a(*)
 libgcc.a(*)

.ARM.attributes
                0x0000000000000000       0x29
 *(.ARM.attributes)
 .ARM.attributes
                0x0000000000000000       0x1d c:/st/stm32cubeide_1.4.0/stm32cubeide/plugins/com.st.stm32cube.ide.mcu.externaltools.gnu-tools-for-stm32.7-2018-q2-update.win32_1.4.0.202007081208/tools/bin/../lib/gcc/arm-none-eabi/7.3.1/thumb/v7-m/crti.o
 .ARM.attributes
                0x000000000000001d       0x2d c:/st/stm32cubeide_1.4.0/stm32cubeide/plugins/com.st.stm32cube.ide.mcu.externaltools.gnu-tools-for-stm32.7-2018-q2-update.win32_1.4.0.202007081208/tools/bin/../lib/gcc/arm-none-eabi/7.3.1/thumb/v7-m/crtbegin.o
 .ARM.attributes
                0x000000000000004a       0x33 Mahmoud_RTOS/CortexMX_OS_Porting.o
 .ARM.attributes
                0x000000000000007d       0x33 Mahmoud_RTOS/fifo.o
 .ARM.attributes
                0x00000000000000b0       0x33 Mahmoud_RTOS/schedular.o
 .ARM.attributes
                0x00000000000000e3       0x33 Src/main.o
 .ARM.attributes
                0x0000000000000116       0x21 Startup/startup_stm32f103c6tx.o
 .ARM.attributes
                0x0000000000000137       0x2d c:/st/stm32cubeide_1.4.0/stm32cubeide/plugins/com.st.stm32cube.ide.mcu.externaltools.gnu-tools-for-stm32.7-2018-q2-update.win32_1.4.0.202007081208/tools/bin/../lib/gcc/arm-none-eabi/7.3.1/../../../../arm-none-eabi/lib/thumb/v7-m\libc_nano.a(lib_a-init.o)
 .ARM.attributes
                0x0000000000000164       0x1d c:/st/stm32cubeide_1.4.0/stm32cubeide/plugins/com.st.stm32cube.ide.mcu.externaltools.gnu-tools-for-stm32.7-2018-q2-update.win32_1.4.0.202007081208/tools/bin/../lib/gcc/arm-none-eabi/7.3.1/thumb/v7-m/crtn.o
OUTPUT(Mahmoud_RTOS.axf elf32-littlearm)

.debug_info     0x0000000000000000     0x27a0
 .debug_info    0x0000000000000000      0x171 Mahmoud_RTOS/CortexMX_OS_Porting.o
 .debug_info    0x0000000000000171      0xcc3 Mahmoud_RTOS/fifo.o
 .debug_info    0x0000000000000e34      0xde3 Mahmoud_RTOS/schedular.o
 .debug_info    0x0000000000001c17      0xb67 Src/main.o
 .debug_info    0x000000000000277e       0x22 Startup/startup_stm32f103c6tx.o

.debug_abbrev   0x0000000000000000      0x6f5
 .debug_abbrev  0x0000000000000000       0xa9 Mahmoud_RTOS/CortexMX_OS_Porting.o
 .debug_abbrev  0x00000000000000a9      0x230 Mahmoud_RTOS/fifo.o
 .debug_abbrev  0x00000000000002d9      0x259 Mahmoud_RTOS/schedular.o
 .debug_abbrev  0x0000000000000532      0x1b1 Src/main.o
 .debug_abbrev  0x00000000000006e3       0x12 Startup/startup_stm32f103c6tx.o

.debug_loc      0x0000000000000000      0x4e8
 .debug_loc     0x0000000000000000      0x138 Mahmoud_RTOS/CortexMX_OS_Porting.o
 .debug_loc     0x0000000000000138      0x164 Mahmoud_RTOS/fifo.o
 .debug_loc     0x000000000000029c      0x1c8 Mahmoud_RTOS/schedular.o
 .debug_loc     0x0000000000000464       0x84 Src/main.o

.debug_aranges  0x0000000000000000      0x128
 .debug_aranges
                0x0000000000000000       0x50 Mahmoud_RTOS/CortexMX_OS_Porting.o
 .debug_aranges
                0x0000000000000050       0x38 Mahmoud_RTOS/fifo.o
 .debug_aranges
                0x0000000000000088       0x48 Mahmoud_RTOS/schedular.o
 .debug_aranges
                0x00000000000000d0       0x30 Src/main.o
 .debug_aranges
                0x0000000000000100       0x28 Startup/startup_stm32f103c6tx.o

.debug_ranges   0x0000000000000000       0xe0
 .debug_ranges  0x0000000000000000       0x40 Mahmoud_RTOS/CortexMX_OS_Porting.o
 .debug_ranges  0x0000000000000040       0x28 Mahmoud_RTOS/fifo.o
 .debug_ranges  0x0000000000000068       0x38 Mahmoud_RTOS/schedular.o
 .debug_ranges  0x00000000000000a0       0x20 Src/main.o
 .debug_ranges  0x00000000000000c0       0x20 Startup/startup_stm32f103c6tx.o

.debug_macro    0x0000000000000000     0x3848
 .debug_macro   0x0000000000000000       0xbf Mahmoud_RTOS/CortexMX_OS_Porting.o
 .debug_macro   0x00000000000000bf      0xa60 Mahmoud_RTOS/CortexMX_OS_Porting.o
 .debug_macro   0x0000000000000b1f       0x28 Mahmoud_RTOS/CortexMX_OS_Porting.o
 .debug_macro   0x0000000000000b47       0x1c Mahmoud_RTOS/CortexMX_OS_Porting.o
 .debug_macro   0x0000000000000b63       0x22 Mahmoud_RTOS/CortexMX_OS_Porting.o
 .debug_macro   0x0000000000000b85       0x8e Mahmoud_RTOS/CortexMX_OS_Porting.o
 .debug_macro   0x0000000000000c13       0x51 Mahmoud_RTOS/CortexMX_OS_Porting.o
 .debug_macro   0x0000000000000c64       0xef Mahmoud_RTOS/CortexMX_OS_Porting.o
 .debug_macro   0x0000000000000d53       0x6a Mahmoud_RTOS/CortexMX_OS_Porting.o
 .debug_macro   0x0000000000000dbd      0x1df Mahmoud_RTOS/CortexMX_OS_Porting.o
 .debug_macro   0x0000000000000f9c       0x22 Mahmoud_RTOS/CortexMX_OS_Porting.o
 .debug_macro   0x0000000000000fbe       0xdf Mahmoud_RTOS/CortexMX_OS_Porting.o
 .debug_macro   0x000000000000109d      0xe3c Mahmoud_RTOS/CortexMX_OS_Porting.o
 .debug_macro   0x0000000000001ed9       0x34 Mahmoud_RTOS/CortexMX_OS_Porting.o
 .debug_macro   0x0000000000001f0d      0x262 Mahmoud_RTOS/fifo.o
 .debug_macro   0x000000000000216f       0x18 Mahmoud_RTOS/fifo.o
 .debug_macro   0x0000000000002187       0x46 Mahmoud_RTOS/fifo.o
 .debug_macro   0x00000000000021cd       0x3c Mahmoud_RTOS/fifo.o
 .debug_macro   0x0000000000002209       0x34 Mahmoud_RTOS/fifo.o
 .debug_macro   0x000000000000223d       0x16 Mahmoud_RTOS/fifo.o
 .debug_macro   0x0000000000002253      0x10e Mahmoud_RTOS/fifo.o
 .debug_macro   0x0000000000002361       0x8d Mahmoud_RTOS/fifo.o
 .debug_macro   0x00000000000023ee       0x52 Mahmoud_RTOS/fifo.o
 .debug_macro   0x0000000000002440       0x1f Mahmoud_RTOS/fifo.o
 .debug_macro   0x000000000000245f       0x43 Mahmoud_RTOS/fifo.o
 .debug_macro   0x00000000000024a2       0x20 Mahmoud_RTOS/fifo.o
 .debug_macro   0x00000000000024c2      0x1a3 Mahmoud_RTOS/fifo.o
 .debug_macro   0x0000000000002665      0x32a Mahmoud_RTOS/fifo.o
 .debug_macro   0x000000000000298f       0x16 Mahmoud_RTOS/fifo.o
 .debug_macro   0x00000000000029a5       0x29 Mahmoud_RTOS/fifo.o
 .debug_macro   0x00000000000029ce       0x1c Mahmoud_RTOS/fifo.o
 .debug_macro   0x00000000000029ea       0x35 Mahmoud_RTOS/fifo.o
 .debug_macro   0x0000000000002a1f       0x10 Mahmoud_RTOS/fifo.o
 .debug_macro   0x0000000000002a2f       0x10 Mahmoud_RTOS/fifo.o
 .debug_macro   0x0000000000002a3f       0x1c Mahmoud_RTOS/fifo.o
 .debug_macro   0x0000000000002a5b       0x52 Mahmoud_RTOS/fifo.o
 .debug_macro   0x0000000000002aad       0x40 Mahmoud_RTOS/fifo.o
 .debug_macro   0x0000000000002aed       0x10 Mahmoud_RTOS/fifo.o
 .debug_macro   0x0000000000002afd       0x40 Mahmoud_RTOS/fifo.o
 .debug_macro   0x0000000000002b3d       0xd7 Mahmoud_RTOS/fifo.o
 .debug_macro   0x0000000000002c14       0x1c Mahmoud_RTOS/fifo.o
 .debug_macro   0x0000000000002c30       0x3d Mahmoud_RTOS/fifo.o
 .debug_macro   0x0000000000002c6d       0x16 Mahmoud_RTOS/fifo.o
 .debug_macro   0x0000000000002c83      0x145 Mahmoud_RTOS/fifo.o
 .debug_macro   0x0000000000002dc8      0x1d5 Mahmoud_RTOS/schedular.o
 .debug_macro   0x0000000000002f9d       0x16 Mahmoud_RTOS/schedular.o
 .debug_macro   0x0000000000002fb3       0x20 Mahmoud_RTOS/schedular.o
 .debug_macro   0x0000000000002fd3      0x1bd Src/main.o
 .debug_macro   0x0000000000003190       0x40 Src/main.o
 .debug_macro   0x00000000000031d0       0x94 Src/main.o
 .debug_macro   0x0000000000003264      0x174 Src/main.o
 .debug_macro   0x00000000000033d8       0x57 Src/main.o
 .debug_macro   0x000000000000342f      0x330 Src/main.o
 .debug_macro   0x000000000000375f       0x10 Src/main.o
 .debug_macro   0x000000000000376f       0xd9 Src/main.o

.debug_line     0x0000000000000000     0x1ad4
 .debug_line    0x0000000000000000      0x55c Mahmoud_RTOS/CortexMX_OS_Porting.o
 .debug_line    0x000000000000055c      0x750 Mahmoud_RTOS/fifo.o
 .debug_line    0x0000000000000cac      0x70c Mahmoud_RTOS/schedular.o
 .debug_line    0x00000000000013b8      0x698 Src/main.o
 .debug_line    0x0000000000001a50       0x84 Startup/startup_stm32f103c6tx.o

.debug_str      0x0000000000000000     0xdef1
 .debug_str     0x0000000000000000     0x9667 Mahmoud_RTOS/CortexMX_OS_Porting.o
                                       0x97e2 (size before relaxing)
 .debug_str     0x0000000000009667     0x45be Mahmoud_RTOS/fifo.o
                                       0xde18 (size before relaxing)
 .debug_str     0x000000000000dc25      0x259 Mahmoud_RTOS/schedular.o
                                       0xce34 (size before relaxing)
 .debug_str     0x000000000000de7e       0x42 Src/main.o
                                       0xcbf2 (size before relaxing)
 .debug_str     0x000000000000dec0       0x31 Startup/startup_stm32f103c6tx.o
                                         0x97 (size before relaxing)

.comment        0x0000000000000000       0x7b
 .comment       0x0000000000000000       0x7b Mahmoud_RTOS/CortexMX_OS_Porting.o
                                         0x7c (size before relaxing)
 .comment       0x000000000000007b       0x7c Mahmoud_RTOS/fifo.o
 .comment       0x000000000000007b       0x7c Mahmoud_RTOS/schedular.o
 .comment       0x000000000000007b       0x7c Src/main.o

.debug_frame    0x0000000000000000      0x2d4
 .debug_frame   0x0000000000000000       0xc0 Mahmoud_RTOS/CortexMX_OS_Porting.o
 .debug_frame   0x00000000000000c0       0xac Mahmoud_RTOS/fifo.o
 .debug_frame   0x000000000000016c       0xe0 Mahmoud_RTOS/schedular.o
 .debug_frame   0x000000000000024c       0x5c Src/main.o
 .debug_frame   0x00000000000002a8       0x2c c:/st/stm32cubeide_1.4.0/stm32cubeide/plugins/com.st.stm32cube.ide.mcu.externaltools.gnu-tools-for-stm32.7-2018-q2-update.win32_1.4.0.202007081208/tools/bin/../lib/gcc/arm-none-eabi/7.3.1/../../../../arm-none-eabi/lib/thumb/v7-m\libc_nano.a(lib_a-init.o)
